Archive member included to satisfy reference by file (symbol)

c:/progra~1/raspbe~1/picosd~1.1/gcc-ar~1/bin/../lib/gcc/arm-none-eabi/10.3.1/thumb/v6-m/nofp\libgcc.a(_dvmd_tls.o)
                              CMakeFiles/dht_example.dir/C_/Program_Files/Raspberry_Pi/Pico_SDK_v1.5.1/pico-sdk/src/rp2_common/pico_divider/divider.S.obj (__aeabi_idiv0)
c:/progra~1/raspbe~1/picosd~1.1/gcc-ar~1/bin/../lib/gcc/arm-none-eabi/10.3.1/../../../../arm-none-eabi/lib/thumb/v6-m/nofp\libg.a(lib_a-atoi.o)
                              CMakeFiles/dht_example.dir/C_/Program_Files/Raspberry_Pi/Pico_SDK_v1.5.1/pico-sdk/lib/lwip/src/core/netif.c.obj (atoi)
c:/progra~1/raspbe~1/picosd~1.1/gcc-ar~1/bin/../lib/gcc/arm-none-eabi/10.3.1/../../../../arm-none-eabi/lib/thumb/v6-m/nofp\libg.a(lib_a-calloc.o)
                              CMakeFiles/dht_example.dir/C_/Program_Files/Raspberry_Pi/Pico_SDK_v1.5.1/pico-sdk/src/rp2_common/pico_malloc/pico_malloc.c.obj (calloc)
c:/progra~1/raspbe~1/picosd~1.1/gcc-ar~1/bin/../lib/gcc/arm-none-eabi/10.3.1/../../../../arm-none-eabi/lib/thumb/v6-m/nofp\libg.a(lib_a-callocr.o)
                              c:/progra~1/raspbe~1/picosd~1.1/gcc-ar~1/bin/../lib/gcc/arm-none-eabi/10.3.1/../../../../arm-none-eabi/lib/thumb/v6-m/nofp\libg.a(lib_a-calloc.o) (_calloc_r)
c:/progra~1/raspbe~1/picosd~1.1/gcc-ar~1/bin/../lib/gcc/arm-none-eabi/10.3.1/../../../../arm-none-eabi/lib/thumb/v6-m/nofp\libg.a(lib_a-ctype_.o)
                              CMakeFiles/dht_example.dir/C_/Program_Files/Raspberry_Pi/Pico_SDK_v1.5.1/pico-sdk/lib/lwip/src/core/dns.c.obj (_ctype_)
c:/progra~1/raspbe~1/picosd~1.1/gcc-ar~1/bin/../lib/gcc/arm-none-eabi/10.3.1/../../../../arm-none-eabi/lib/thumb/v6-m/nofp\libg.a(lib_a-errno.o)
                              c:/progra~1/raspbe~1/picosd~1.1/gcc-ar~1/bin/../lib/gcc/arm-none-eabi/10.3.1/../../../../arm-none-eabi/lib/thumb/v6-m/nofp\libg.a(lib_a-callocr.o) (__errno)
c:/progra~1/raspbe~1/picosd~1.1/gcc-ar~1/bin/../lib/gcc/arm-none-eabi/10.3.1/../../../../arm-none-eabi/lib/thumb/v6-m/nofp\libg.a(lib_a-impure.o)
                              c:/progra~1/raspbe~1/picosd~1.1/gcc-ar~1/bin/../lib/gcc/arm-none-eabi/10.3.1/../../../../arm-none-eabi/lib/thumb/v6-m/nofp\libg.a(lib_a-calloc.o) (_impure_ptr)
c:/progra~1/raspbe~1/picosd~1.1/gcc-ar~1/bin/../lib/gcc/arm-none-eabi/10.3.1/../../../../arm-none-eabi/lib/thumb/v6-m/nofp\libg.a(lib_a-init.o)
                              c:/progra~1/raspbe~1/picosd~1.1/gcc-ar~1/bin/../lib/gcc/arm-none-eabi/10.3.1/../../../../arm-none-eabi/lib/thumb/v6-m/nofp/crt0.o (__libc_init_array)
c:/progra~1/raspbe~1/picosd~1.1/gcc-ar~1/bin/../lib/gcc/arm-none-eabi/10.3.1/../../../../arm-none-eabi/lib/thumb/v6-m/nofp\libg.a(lib_a-malloc.o)
                              CMakeFiles/dht_example.dir/C_/Program_Files/Raspberry_Pi/Pico_SDK_v1.5.1/pico-sdk/src/rp2_common/pico_malloc/pico_malloc.c.obj (malloc)
c:/progra~1/raspbe~1/picosd~1.1/gcc-ar~1/bin/../lib/gcc/arm-none-eabi/10.3.1/../../../../arm-none-eabi/lib/thumb/v6-m/nofp\libg.a(lib_a-mallocr.o)
                              c:/progra~1/raspbe~1/picosd~1.1/gcc-ar~1/bin/../lib/gcc/arm-none-eabi/10.3.1/../../../../arm-none-eabi/lib/thumb/v6-m/nofp\libg.a(lib_a-callocr.o) (_malloc_r)
c:/progra~1/raspbe~1/picosd~1.1/gcc-ar~1/bin/../lib/gcc/arm-none-eabi/10.3.1/../../../../arm-none-eabi/lib/thumb/v6-m/nofp\libg.a(lib_a-memcmp.o)
                              CMakeFiles/dht_example.dir/C_/Program_Files/Raspberry_Pi/Pico_SDK_v1.5.1/pico-sdk/lib/lwip/src/netif/ethernet.c.obj (memcmp)
c:/progra~1/raspbe~1/picosd~1.1/gcc-ar~1/bin/../lib/gcc/arm-none-eabi/10.3.1/../../../../arm-none-eabi/lib/thumb/v6-m/nofp\libg.a(lib_a-memmove.o)
                              CMakeFiles/dht_example.dir/C_/Program_Files/Raspberry_Pi/Pico_SDK_v1.5.1/pico-sdk/lib/lwip/src/core/def.c.obj (memmove)
c:/progra~1/raspbe~1/picosd~1.1/gcc-ar~1/bin/../lib/gcc/arm-none-eabi/10.3.1/../../../../arm-none-eabi/lib/thumb/v6-m/nofp\libg.a(lib_a-mlock.o)
                              c:/progra~1/raspbe~1/picosd~1.1/gcc-ar~1/bin/../lib/gcc/arm-none-eabi/10.3.1/../../../../arm-none-eabi/lib/thumb/v6-m/nofp\libg.a(lib_a-mallocr.o) (__malloc_lock)
c:/progra~1/raspbe~1/picosd~1.1/gcc-ar~1/bin/../lib/gcc/arm-none-eabi/10.3.1/../../../../arm-none-eabi/lib/thumb/v6-m/nofp\libg.a(lib_a-realloc.o)
                              CMakeFiles/dht_example.dir/C_/Program_Files/Raspberry_Pi/Pico_SDK_v1.5.1/pico-sdk/src/rp2_common/pico_malloc/pico_malloc.c.obj (realloc)
c:/progra~1/raspbe~1/picosd~1.1/gcc-ar~1/bin/../lib/gcc/arm-none-eabi/10.3.1/../../../../arm-none-eabi/lib/thumb/v6-m/nofp\libg.a(lib_a-reallocr.o)
                              c:/progra~1/raspbe~1/picosd~1.1/gcc-ar~1/bin/../lib/gcc/arm-none-eabi/10.3.1/../../../../arm-none-eabi/lib/thumb/v6-m/nofp\libg.a(lib_a-realloc.o) (_realloc_r)
c:/progra~1/raspbe~1/picosd~1.1/gcc-ar~1/bin/../lib/gcc/arm-none-eabi/10.3.1/../../../../arm-none-eabi/lib/thumb/v6-m/nofp\libg.a(lib_a-sbrkr.o)
[...]
Memory Configuration

Name             Origin             Length             Attributes
FLASH            0x10000000         0x00200000         xr
RAM              0x20000000         0x00040000         xrw
SCRATCH_X        0x20040000         0x00001000         xrw
SCRATCH_Y        0x20041000         0x00001000         xrw
*default*        0x00000000         0xffffffff

Linker script and memory map

LOAD c:/progra~1/raspbe~1/picosd~1.1/gcc-ar~1/bin/../lib/gcc/arm-none-eabi/10.3.1/thumb/v6-m/nofp/crti.o
LOAD c:/progra~1/raspbe~1/picosd~1.1/gcc-ar~1/bin/../lib/gcc/arm-none-eabi/10.3.1/thumb/v6-m/nofp/crtbegin.o
LOAD c:/progra~1/raspbe~1/picosd~1.1/gcc-ar~1/bin/../lib/gcc/arm-none-eabi/10.3.1/../../../../arm-none-eabi/lib/thumb/v6-m/nofp/crt0.o

.flash_begin    0x10000000        0x0
                0x10000000                __flash_binary_start = .

.boot2          0x10000000      0x100
                0x10000000                __boot2_start__ = .
 *(.boot2)
 .boot2         0x10000000      0x100 C:\Users\ryano\AppData\Local\Temp\cc2unyMU.o
                0x10000100                __boot2_end__ = .
                0x00000001                ASSERT (((__boot2_end__ - __boot2_start__) == 0x100), ERROR: Pico second stage bootloader must be 256 bytes in size)

.text           0x10000100     0x7458
                0x10000100                __logical_binary_start = .
 *(.vectors)
 .vectors       0x10000100       0xd4 CMakeFiles/dht_example.dir/C_/Program_Files/Raspberry_Pi/Pico_SDK_v1.5.1/pico-sdk/src/rp2_common/pico_standard_link/crt0.S.obj
                0x10000100                __VECTOR_TABLE
                0x10000100                __vectors
                0x100001c0                isr_invalid
                0x100001c0                __default_isrs_start
                0x100001c2                isr_nmi
                0x100001c4                isr_hardfault
                0x100001c6                isr_svcall
                0x100001c8                isr_pendsv
                0x100001ca                isr_systick
                0x100001cc                isr_irq23
                0x100001cc                isr_irq18
                0x100001cc                isr_irq11
                0x100001cc                isr_irq28
                0x100001cc                isr_irq19
                0x100001cc                isr_irq0
                0x100001cc                isr_irq6
                0x100001cc                isr_irq5
                0x100001cc                isr_irq12
                0x100001cc                isr_irq22
                0x100001cc                isr_irq31
                0x100001cc                isr_irq17
                0x100001cc                isr_irq27
                0x100001cc                isr_irq30
                0x100001cc                isr_irq2
                0x100001cc                isr_irq10
                0x100001cc                isr_irq8
                0x100001cc                isr_irq24
                0x100001cc                isr_irq1
                0x100001cc                isr_irq7
                0x100001cc                isr_irq21
                0x100001cc                isr_irq20
                0x100001cc                isr_irq15
                0x100001cc                isr_irq25
                0x100001cc                isr_irq13
                0x100001cc                __unhandled_user_irq
                0x100001cc                isr_irq4
                0x100001cc                isr_irq16
                0x100001cc                isr_irq29
                0x100001cc                isr_irq26
                0x100001cc                __default_isrs_end
                0x100001cc                isr_irq3
                0x100001cc                isr_irq14
                0x100001cc                isr_irq9
                0x100001d2                unhandled_user_irq_num_in_r0
 *(.binary_info_header)
 .binary_info_header
                0x100001d4       0x14 CMakeFiles/dht_example.dir/C_/Program_Files/Raspberry_Pi/Pico_SDK_v1.5.1/pico-sdk/src/rp2_common/pico_standard_link/crt0.S.obj
                0x100001e8                __binary_info_header_end = .
 *(.reset)
 .reset         0x100001e8       0xa0 CMakeFiles/dht_example.dir/C_/Program_Files/Raspberry_Pi/Pico_SDK_v1.5.1/pico-sdk/src/rp2_common/pico_standard_link/crt0.S.obj
                0x100001e8                _entry_point
 .reset         0x10000288       0x30 CMakeFiles/dht_example.dir/C_/Program_Files/Raspberry_Pi/Pico_SDK_v1.5.1/pico-sdk/src/rp2_common/pico_standard_link/binary_info.c.obj
 *(.init)
 .init          0x100002b8        0x4 c:/progra~1/raspbe~1/picosd~1.1/gcc-ar~1/bin/../lib/gcc/arm-none-eabi/10.3.1/thumb/v6-m/nofp/crti.o
                0x100002b8                _init
 *(EXCLUDE_FILE(*libm.a: *libc.a:*lib_a-mem*.o *libgcc.a:) .text*)
 .text          0x100002bc       0x48 c:/progra~1/raspbe~1/picosd~1.1/gcc-ar~1/bin/../lib/gcc/arm-none-eabi/10.3.1/thumb/v6-m/nofp/crtbegin.o
 .text.celsius_to_fahrenheit
                0x10000304       0x18 CMakeFiles/dht_example.dir/dht_example.c.obj
 .text.main     0x1000031c       0xb4 CMakeFiles/dht_example.dir/dht_example.c.obj
                0x1000031c                main
 .text.get_start_pulse_duration_us
                0x100003d0       0x18 CMakeFiles/dht_example.dir/dht/dht.c.obj
 .text.get_pio_sm_clocks
                0x100003e8        0xc CMakeFiles/dht_example.dir/dht/dht.c.obj
 .text.pio_sm_is_enabled
                0x100003f4       0x10 CMakeFiles/dht_example.dir/dht/dht.c.obj
 .text.configure_dma_channel
                0x10000404       0xc8 CMakeFiles/dht_example.dir/dht/dht.c.obj
 .text.decode_humidity
                0x100004cc       0x5c CMakeFiles/dht_example.dir/dht/dht.c.obj
 .text.decode_temperature
                0x10000528       0xb0 CMakeFiles/dht_example.dir/dht/dht.c.obj
 .text.dht_program_init
                0x100005d8      0x168 CMakeFiles/dht_example.dir/dht/dht.c.obj
 .text.dht_init
                0x10000740       0x94 CMakeFiles/dht_example.dir/dht/dht.c.obj
                0x10000740                dht_init
 .text.dht_start_measurement
                0x100007d4       0x78 CMakeFiles/dht_example.dir/dht/dht.c.obj
                0x100007d4                dht_start_measurement
 .text.dht_finish_measurement_blocking
                0x1000084c      0x110 CMakeFiles/dht_example.dir/dht/dht.c.obj
                0x1000084c                dht_finish_measurement_blocking
 .text.clock_configure
                0x1000095c      0x108 CMakeFiles/dht_example.dir/C_/Program_Files/Raspberry_Pi/Pico_SDK_v1.5.1/pico-sdk/src/rp2_common/hardware_clocks/clocks.c.obj
                0x1000095c                clock_configure
 .text.clocks_init
                0x10000a64      0x100 CMakeFiles/dht_example.dir/C_/Program_Files/Raspberry_Pi/Pico_SDK_v1.5.1/pico-sdk/src/rp2_common/hardware_clocks/clocks.c.obj
                0x10000a64                clocks_init
 .text.clock_get_hz
                0x10000b64        0xc CMakeFiles/dht_example.dir/C_/Program_Files/Raspberry_Pi/Pico_SDK_v1.5.1/pico-sdk/src/rp2_common/hardware_clocks/clocks.c.obj
                0x10000b64                clock_get_hz
 .text.running_on_fpga
                0x10000b70       0x14 CMakeFiles/dht_example.dir/C_/Program_Files/Raspberry_Pi/Pico_SDK_v1.5.1/pico-sdk/src/rp2_common/pico_platform/platform.c.obj
                0x10000b70                running_on_fpga
 .text.hw_claim_lock
                0x10000b84       0x18 CMakeFiles/dht_example.dir/C_/Program_Files/Raspberry_Pi/Pico_SDK_v1.5.1/pico-sdk/src/rp2_common/hardware_claim/claim.c.obj
                0x10000b84                hw_claim_lock
 .text.hw_claim_unlock
                0x10000b9c       0x14 CMakeFiles/dht_example.dir/C_/Program_Files/Raspberry_Pi/Pico_SDK_v1.5.1/pico-sdk/src/rp2_common/hardware_claim/claim.c.obj
                0x10000b9c                hw_claim_unlock
 .text.hw_claim_or_assert
                0x10000bb0       0x32 CMakeFiles/dht_example.dir/C_/Program_Files/Raspberry_Pi/Pico_SDK_v1.5.1/pico-sdk/src/rp2_common/hardware_claim/claim.c.obj
                0x10000bb0                hw_claim_or_assert
 .text.hw_claim_unused_from_range
                0x10000be2       0x50 CMakeFiles/dht_example.dir/C_/Program_Files/Raspberry_Pi/Pico_SDK_v1.5.1/pico-sdk/src/rp2_common/hardware_claim/claim.c.obj
                0x10000be2                hw_claim_unused_from_range
 *fill*         0x10000c32        0x2 
 .text.spin_locks_reset
                0x10000c34       0x20 CMakeFiles/dht_example.dir/C_/Program_Files/Raspberry_Pi/Pico_SDK_v1.5.1/pico-sdk/src/rp2_common/hardware_sync/sync.c.obj
                0x10000c34                spin_locks_reset
 .text.next_striped_spin_lock_num
                0x10000c54       0x1c CMakeFiles/dht_example.dir/C_/Program_Files/Raspberry_Pi/Pico_SDK_v1.5.1/pico-sdk/src/rp2_common/hardware_sync/sync.c.obj
                0x10000c54                next_striped_spin_lock_num
 .text.spin_lock_claim_unused
                0x10000c70       0x20 CMakeFiles/dht_example.dir/C_/Program_Files/Raspberry_Pi/Pico_SDK_v1.5.1/pico-sdk/src/rp2_common/hardware_sync/sync.c.obj
                0x10000c70                spin_lock_claim_unused
 .text.gpio_set_function
                0x10000c90       0x30 CMakeFiles/dht_example.dir/C_/Program_Files/Raspberry_Pi/Pico_SDK_v1.5.1/pico-sdk/src/rp2_common/hardware_gpio/gpio.c.obj
                0x10000c90                gpio_set_function
 .text.gpio_set_pulls
                0x10000cc0       0x34 CMakeFiles/dht_example.dir/C_/Program_Files/Raspberry_Pi/Pico_SDK_v1.5.1/pico-sdk/src/rp2_common/hardware_gpio/gpio.c.obj
                0x10000cc0                gpio_set_pulls
 .text.set_raw_irq_handler_and_unlock
                0x10000cf4       0x28 CMakeFiles/dht_example.dir/C_/Program_Files/Raspberry_Pi/Pico_SDK_v1.5.1/pico-sdk/src/rp2_common/hardware_irq/irq.c.obj
 .text.make_branch
                0x10000d1c       0x48 CMakeFiles/dht_example.dir/C_/Program_Files/Raspberry_Pi/Pico_SDK_v1.5.1/pico-sdk/src/rp2_common/hardware_irq/irq.c.obj
 .text.insert_branch_and_link
                0x10000d64       0x40 CMakeFiles/dht_example.dir/C_/Program_Files/Raspberry_Pi/Pico_SDK_v1.5.1/pico-sdk/src/rp2_common/hardware_irq/irq.c.obj
 .text.irq_is_enabled
                0x10000da4       0x18 CMakeFiles/dht_example.dir/C_/Program_Files/Raspberry_Pi/Pico_SDK_v1.5.1/pico-sdk/src/rp2_common/hardware_irq/irq.c.obj
                0x10000da4                irq_is_enabled
 .text.irq_set_mask_enabled
                0x10000dbc       0x20 CMakeFiles/dht_example.dir/C_/Program_Files/Raspberry_Pi/Pico_SDK_v1.5.1/pico-sdk/src/rp2_common/hardware_irq/irq.c.obj
                0x10000dbc                irq_set_mask_enabled
 .text.irq_set_enabled
                0x10000ddc        0xe CMakeFiles/dht_example.dir/C_/Program_Files/Raspberry_Pi/Pico_SDK_v1.5.1/pico-sdk/src/rp2_common/hardware_irq/irq.c.obj
                0x10000ddc                irq_set_enabled
 *fill*         0x10000dea        0x2 
 .text.irq_set_pending
                0x10000dec       0x10 CMakeFiles/dht_example.dir/C_/Program_Files/Raspberry_Pi/Pico_SDK_v1.5.1/pico-sdk/src/rp2_common/hardware_irq/irq.c.obj
                0x10000dec                irq_set_pending
 .text.irq_get_vtable_handler
                0x10000dfc       0x10 CMakeFiles/dht_example.dir/C_/Program_Files/Raspberry_Pi/Pico_SDK_v1.5.1/pico-sdk/src/rp2_common/hardware_irq/irq.c.obj
                0x10000dfc                irq_get_vtable_handler
 .text.irq_has_shared_handler
                0x10000e0c       0x24 CMakeFiles/dht_example.dir/C_/Program_Files/Raspberry_Pi/Pico_SDK_v1.5.1/pico-sdk/src/rp2_common/hardware_irq/irq.c.obj
                0x10000e0c                irq_has_shared_handler
 .text.irq_set_exclusive_handler
                0x10000e30       0x54 CMakeFiles/dht_example.dir/C_/Program_Files/Raspberry_Pi/Pico_SDK_v1.5.1/pico-sdk/src/rp2_common/hardware_irq/irq.c.obj
                0x10000e30                irq_set_exclusive_handler
 .text.irq_add_shared_handler
                0x10000e84      0x234 CMakeFiles/dht_example.dir/C_/Program_Files/Raspberry_Pi/Pico_SDK_v1.5.1/pico-sdk/src/rp2_common/hardware_irq/irq.c.obj
                0x10000e84                irq_add_shared_handler
 .text.irq_remove_handler
                0x100010b8      0x1ac CMakeFiles/dht_example.dir/C_/Program_Files/Raspberry_Pi/Pico_SDK_v1.5.1/pico-sdk/src/rp2_common/hardware_irq/irq.c.obj
                0x100010b8                irq_remove_handler
 .text.irq_add_tail_to_free_list
                0x10001264       0xf0 CMakeFiles/dht_example.dir/C_/Program_Files/Raspberry_Pi/Pico_SDK_v1.5.1/pico-sdk/src/rp2_common/hardware_irq/irq.c.obj
                0x10001264                irq_add_tail_to_free_list
 .text.irq_init_priorities
                0x10001354       0x1c CMakeFiles/dht_example.dir/C_/Program_Files/Raspberry_Pi/Pico_SDK_v1.5.1/pico-sdk/src/rp2_common/hardware_irq/irq.c.obj
                0x10001354                irq_init_priorities
 .text.user_irq_claim_unused
                0x10001370       0x28 CMakeFiles/dht_example.dir/C_/Program_Files/Raspberry_Pi/Pico_SDK_v1.5.1/pico-sdk/src/rp2_common/hardware_irq/irq.c.obj
                0x10001370                user_irq_claim_unused
 .text.lock_init
                0x10001398       0x10 CMakeFiles/dht_example.dir/C_/Program_Files/Raspberry_Pi/Pico_SDK_v1.5.1/pico-sdk/src/common/pico_sync/lock_core.c.obj
                0x10001398                lock_init
 .text.mutex_init
                0x100013a8       0x1a CMakeFiles/dht_example.dir/C_/Program_Files/Raspberry_Pi/Pico_SDK_v1.5.1/pico-sdk/src/common/pico_sync/mutex.c.obj
                0x100013a8                mutex_init
 .text.recursive_mutex_init
                0x100013c2       0x1e CMakeFiles/dht_example.dir/C_/Program_Files/Raspberry_Pi/Pico_SDK_v1.5.1/pico-sdk/src/common/pico_sync/mutex.c.obj
                0x100013c2                recursive_mutex_init
 .text.critical_section_init_with_lock_num
                0x100013e0       0x14 CMakeFiles/dht_example.dir/C_/Program_Files/Raspberry_Pi/Pico_SDK_v1.5.1/pico-sdk/src/common/pico_sync/critical_section.c.obj
                0x100013e0                critical_section_init_with_lock_num
 .text.critical_section_init
                0x100013f4       0x14 CMakeFiles/dht_example.dir/C_/Program_Files/Raspberry_Pi/Pico_SDK_v1.5.1/pico-sdk/src/common/pico_sync/critical_section.c.obj
                0x100013f4                critical_section_init
 .text.alarm_pool_post_alloc_init
                0x10001408       0x40 CMakeFiles/dht_example.dir/C_/Program_Files/Raspberry_Pi/Pico_SDK_v1.5.1/pico-sdk/src/common/pico_time/time.c.obj
 .text.sleep_until_callback
                0x10001448       0x30 CMakeFiles/dht_example.dir/C_/Program_Files/Raspberry_Pi/Pico_SDK_v1.5.1/pico-sdk/src/common/pico_time/time.c.obj
 .text.timer_pool_entry_comparator
                0x10001478       0x7c CMakeFiles/dht_example.dir/C_/Program_Files/Raspberry_Pi/Pico_SDK_v1.5.1/pico-sdk/src/common/pico_time/time.c.obj
                0x10001478                timer_pool_entry_comparator
 .text.ph_add_child_node
                0x100014f4       0xa4 CMakeFiles/dht_example.dir/C_/Program_Files/Raspberry_Pi/Pico_SDK_v1.5.1/pico-sdk/src/common/pico_time/time.c.obj
 .text.ph_merge_nodes
                0x10001598       0x3e CMakeFiles/dht_example.dir/C_/Program_Files/Raspberry_Pi/Pico_SDK_v1.5.1/pico-sdk/src/common/pico_time/time.c.obj
 *fill*         0x100015d6        0x2 
 .text.add_alarm_under_lock
                0x100015d8      0x174 CMakeFiles/dht_example.dir/C_/Program_Files/Raspberry_Pi/Pico_SDK_v1.5.1/pico-sdk/src/common/pico_time/time.c.obj
 .text.alarm_pool_alarm_callback
                0x1000174c      0x33c CMakeFiles/dht_example.dir/C_/Program_Files/Raspberry_Pi/Pico_SDK_v1.5.1/pico-sdk/src/common/pico_time/time.c.obj
 .text.alarm_pool_init_default
                0x10001a88       0x40 CMakeFiles/dht_example.dir/C_/Program_Files/Raspberry_Pi/Pico_SDK_v1.5.1/pico-sdk/src/common/pico_time/time.c.obj
                0x10001a88                alarm_pool_init_default
 .text.alarm_pool_get_default
                0x10001ac8       0x2c CMakeFiles/dht_example.dir/C_/Program_Files/Raspberry_Pi/Pico_SDK_v1.5.1/pico-sdk/src/common/pico_time/time.c.obj
                0x10001ac8                alarm_pool_get_default
 .text.alarm_pool_add_alarm_at
                0x10001af4      0x168 CMakeFiles/dht_example.dir/C_/Program_Files/Raspberry_Pi/Pico_SDK_v1.5.1/pico-sdk/src/common/pico_time/time.c.obj
                0x10001af4                alarm_pool_add_alarm_at
 .text.alarm_pool_cancel_alarm
                0x10001c5c       0xf8 CMakeFiles/dht_example.dir/C_/Program_Files/Raspberry_Pi/Pico_SDK_v1.5.1/pico-sdk/src/common/pico_time/time.c.obj
                0x10001c5c                alarm_pool_cancel_alarm
 .text.alarm_pool_core_num
                0x10001d54        0x4 CMakeFiles/dht_example.dir/C_/Program_Files/Raspberry_Pi/Pico_SDK_v1.5.1/pico-sdk/src/common/pico_time/time.c.obj
                0x10001d54                alarm_pool_core_num
 .text.sleep_until
                0x10001d58       0xfc CMakeFiles/dht_example.dir/C_/Program_Files/Raspberry_Pi/Pico_SDK_v1.5.1/pico-sdk/src/common/pico_time/time.c.obj
                0x10001d58                sleep_until
 .text.sleep_us
                0x10001e54       0x58 CMakeFiles/dht_example.dir/C_/Program_Files/Raspberry_Pi/Pico_SDK_v1.5.1/pico-sdk/src/common/pico_time/time.c.obj
                0x10001e54                sleep_us
 .text.sleep_ms
                0x10001eac       0x14 CMakeFiles/dht_example.dir/C_/Program_Files/Raspberry_Pi/Pico_SDK_v1.5.1/pico-sdk/src/common/pico_time/time.c.obj
                0x10001eac                sleep_ms
 .text.best_effort_wfe_or_timeout
                0x10001ec0       0xac CMakeFiles/dht_example.dir/C_/Program_Files/Raspberry_Pi/Pico_SDK_v1.5.1/pico-sdk/src/common/pico_time/time.c.obj
                0x10001ec0                best_effort_wfe_or_timeout
 .text.hardware_alarm_irq_handler
                0x10001f6c       0x90 CMakeFiles/dht_example.dir/C_/Program_Files/Raspberry_Pi/Pico_SDK_v1.5.1/pico-sdk/src/rp2_common/hardware_timer/timer.c.obj
 .text.hardware_alarm_claim
                0x10001ffc       0x18 CMakeFiles/dht_example.dir/C_/Program_Files/Raspberry_Pi/Pico_SDK_v1.5.1/pico-sdk/src/rp2_common/hardware_timer/timer.c.obj
                0x10001ffc                hardware_alarm_claim
 .text.time_us_64
                0x10002014       0x18 CMakeFiles/dht_example.dir/C_/Program_Files/Raspberry_Pi/Pico_SDK_v1.5.1/pico-sdk/src/rp2_common/hardware_timer/timer.c.obj
                0x10002014                time_us_64
 .text.busy_wait_until
                0x1000202c       0x28 CMakeFiles/dht_example.dir/C_/Program_Files/Raspberry_Pi/Pico_SDK_v1.5.1/pico-sdk/src/rp2_common/hardware_timer/timer.c.obj
                0x1000202c                busy_wait_until
 .text.busy_wait_us
                0x10002054       0x48 CMakeFiles/dht_example.dir/C_/Program_Files/Raspberry_Pi/Pico_SDK_v1.5.1/pico-sdk/src/rp2_common/hardware_timer/timer.c.obj
                0x10002054                busy_wait_us
 .text.hardware_alarm_set_callback
                0x1000209c       0x90 CMakeFiles/dht_example.dir/C_/Program_Files/Raspberry_Pi/Pico_SDK_v1.5.1/pico-sdk/src/rp2_common/hardware_timer/timer.c.obj
                0x1000209c                hardware_alarm_set_callback
 .text.hardware_alarm_set_target
                0x1000212c       0xe8 CMakeFiles/dht_example.dir/C_/Program_Files/Raspberry_Pi/Pico_SDK_v1.5.1/pico-sdk/src/rp2_common/hardware_timer/timer.c.obj
                0x1000212c                hardware_alarm_set_target
 .text.hardware_alarm_cancel
                0x10002214       0x40 CMakeFiles/dht_example.dir/C_/Program_Files/Raspberry_Pi/Pico_SDK_v1.5.1/pico-sdk/src/rp2_common/hardware_timer/timer.c.obj
                0x10002214                hardware_alarm_cancel
 .text.ph_add_child_node
                0x10002254       0xa4 CMakeFiles/dht_example.dir/C_/Program_Files/Raspberry_Pi/Pico_SDK_v1.5.1/pico-sdk/src/common/pico_util/pheap.c.obj
 .text.ph_merge_nodes
                0x100022f8       0x3e CMakeFiles/dht_example.dir/C_/Program_Files/Raspberry_Pi/Pico_SDK_v1.5.1/pico-sdk/src/common/pico_util/pheap.c.obj
 *fill*         0x10002336        0x2 
 .text.ph_clear
                0x10002338       0x70 CMakeFiles/dht_example.dir/C_/Program_Files/Raspberry_Pi/Pico_SDK_v1.5.1/pico-sdk/src/common/pico_util/pheap.c.obj
                0x10002338                ph_clear
 .text.ph_post_alloc_init
                0x100023a8        0xe CMakeFiles/dht_example.dir/C_/Program_Files/Raspberry_Pi/Pico_SDK_v1.5.1/pico-sdk/src/common/pico_util/pheap.c.obj
                0x100023a8                ph_post_alloc_init
 *fill*         0x100023b6        0x2 
 .text.ph_merge_two_pass
                0x100023b8       0xa8 CMakeFiles/dht_example.dir/C_/Program_Files/Raspberry_Pi/Pico_SDK_v1.5.1/pico-sdk/src/common/pico_util/pheap.c.obj
                0x100023b8                ph_merge_two_pass
 .text.ph_remove_any_head
                0x10002460      0x128 CMakeFiles/dht_example.dir/C_/Program_Files/Raspberry_Pi/Pico_SDK_v1.5.1/pico-sdk/src/common/pico_util/pheap.c.obj
 .text.ph_remove_head
                0x10002588       0x14 CMakeFiles/dht_example.dir/C_/Program_Files/Raspberry_Pi/Pico_SDK_v1.5.1/pico-sdk/src/common/pico_util/pheap.c.obj
                0x10002588                ph_remove_head
 .text.ph_remove_and_free_node
                0x1000259c       0xf8 CMakeFiles/dht_example.dir/C_/Program_Files/Raspberry_Pi/Pico_SDK_v1.5.1/pico-sdk/src/common/pico_util/pheap.c.obj
                0x1000259c                ph_remove_and_free_node
 .text.pll_init
                0x10002694      0x120 CMakeFiles/dht_example.dir/C_/Program_Files/Raspberry_Pi/Pico_SDK_v1.5.1/pico-sdk/src/rp2_common/hardware_pll/pll.c.obj
                0x10002694                pll_init
 .text.watchdog_start_tick
                0x100027b4       0x10 CMakeFiles/dht_example.dir/C_/Program_Files/Raspberry_Pi/Pico_SDK_v1.5.1/pico-sdk/src/rp2_common/hardware_watchdog/watchdog.c.obj
                0x100027b4                watchdog_start_tick
 .text.watchdog_update
                0x100027c4       0x14 CMakeFiles/dht_example.dir/C_/Program_Files/Raspberry_Pi/Pico_SDK_v1.5.1/pico-sdk/src/rp2_common/hardware_watchdog/watchdog.c.obj
                0x100027c4                watchdog_update
 .text._watchdog_enable
                0x100027d8       0x78 CMakeFiles/dht_example.dir/C_/Program_Files/Raspberry_Pi/Pico_SDK_v1.5.1/pico-sdk/src/rp2_common/hardware_watchdog/watchdog.c.obj
                0x100027d8                _watchdog_enable
 .text.watchdog_reboot
                0x10002850       0x48 CMakeFiles/dht_example.dir/C_/Program_Files/Raspberry_Pi/Pico_SDK_v1.5.1/pico-sdk/src/rp2_common/hardware_watchdog/watchdog.c.obj
                0x10002850                watchdog_reboot
 .text.xosc_init
                0x10002898       0x28 CMakeFiles/dht_example.dir/C_/Program_Files/Raspberry_Pi/Pico_SDK_v1.5.1/pico-sdk/src/rp2_common/hardware_xosc/xosc.c.obj
                0x10002898                xosc_init
 .text.dma_claim_unused_channel
                0x100028c0       0x20 CMakeFiles/dht_example.dir/C_/Program_Files/Raspberry_Pi/Pico_SDK_v1.5.1/pico-sdk/src/rp2_common/hardware_dma/dma.c.obj
                0x100028c0                dma_claim_unused_channel
 .text._pio_can_add_program_at_offset
                0x100028e0       0x3c CMakeFiles/dht_example.dir/C_/Program_Files/Raspberry_Pi/Pico_SDK_v1.5.1/pico-sdk/src/rp2_common/hardware_pio/pio.c.obj
 .text._pio_find_offset_for_program
                0x1000291c       0x7c CMakeFiles/dht_example.dir/C_/Program_Files/Raspberry_Pi/Pico_SDK_v1.5.1/pico-sdk/src/rp2_common/hardware_pio/pio.c.obj
 .text._pio_add_program_at_offset
                0x10002998       0x78 CMakeFiles/dht_example.dir/C_/Program_Files/Raspberry_Pi/Pico_SDK_v1.5.1/pico-sdk/src/rp2_common/hardware_pio/pio.c.obj
 .text.pio_claim_unused_sm
                0x10002a10       0x3c CMakeFiles/dht_example.dir/C_/Program_Files/Raspberry_Pi/Pico_SDK_v1.5.1/pico-sdk/src/rp2_common/hardware_pio/pio.c.obj
                0x10002a10                pio_claim_unused_sm
 .text.pio_add_program
                0x10002a4c       0x38 CMakeFiles/dht_example.dir/C_/Program_Files/Raspberry_Pi/Pico_SDK_v1.5.1/pico-sdk/src/rp2_common/hardware_pio/pio.c.obj
                0x10002a4c                pio_add_program
 .text.pio_sm_init
                0x10002a84       0xe4 CMakeFiles/dht_example.dir/C_/Program_Files/Raspberry_Pi/Pico_SDK_v1.5.1/pico-sdk/src/rp2_common/hardware_pio/pio.c.obj
                0x10002a84                pio_sm_init
 .text.uart_disable_before_lcr_write
                0x10002b68       0x48 CMakeFiles/dht_example.dir/C_/Program_Files/Raspberry_Pi/Pico_SDK_v1.5.1/pico-sdk/src/rp2_common/hardware_uart/uart.c.obj
 .text.uart_write_lcr_bits_masked
                0x10002bb0       0x22 CMakeFiles/dht_example.dir/C_/Program_Files/Raspberry_Pi/Pico_SDK_v1.5.1/pico-sdk/src/rp2_common/hardware_uart/uart.c.obj
 *fill*         0x10002bd2        0x2 
 .text.uart_set_baudrate
                0x10002bd4       0x5c CMakeFiles/dht_example.dir/C_/Program_Files/Raspberry_Pi/Pico_SDK_v1.5.1/pico-sdk/src/rp2_common/hardware_uart/uart.c.obj
                0x10002bd4                uart_set_baudrate
 .text.uart_set_format
                0x10002c30       0x2c CMakeFiles/dht_example.dir/C_/Program_Files/Raspberry_Pi/Pico_SDK_v1.5.1/pico-sdk/src/rp2_common/hardware_uart/uart.c.obj
                0x10002c30                uart_set_format
 .text.uart_set_translate_crlf
                0x10002c5c       0x28 CMakeFiles/dht_example.dir/C_/Program_Files/Raspberry_Pi/Pico_SDK_v1.5.1/pico-sdk/src/rp2_common/hardware_uart/uart.c.obj
                0x10002c5c                uart_set_translate_crlf
 .text.uart_init
                0x10002c84       0x80 CMakeFiles/dht_example.dir/C_/Program_Files/Raspberry_Pi/Pico_SDK_v1.5.1/pico-sdk/src/rp2_common/hardware_uart/uart.c.obj
                0x10002c84                uart_init
 .text._exit    0x10002d04        0x4 CMakeFiles/dht_example.dir/C_/Program_Files/Raspberry_Pi/Pico_SDK_v1.5.1/pico-sdk/src/rp2_common/pico_runtime/runtime.c.obj
                0x10002d04                _exit
 .text.exit     0x10002d08        0x6 CMakeFiles/dht_example.dir/C_/Program_Files/Raspberry_Pi/Pico_SDK_v1.5.1/pico-sdk/src/rp2_common/pico_runtime/runtime.c.obj
                0x10002d08                exit
 *fill*         0x10002d0e        0x2 
 .text.__assert_func
                0x10002d10       0x3c CMakeFiles/dht_example.dir/C_/Program_Files/Raspberry_Pi/Pico_SDK_v1.5.1/pico-sdk/src/rp2_common/pico_runtime/runtime.c.obj
                0x10002d10                __assert_func
 .text.runtime_init
                0x10002d4c       0xf8 CMakeFiles/dht_example.dir/C_/Program_Files/Raspberry_Pi/Pico_SDK_v1.5.1/pico-sdk/src/rp2_common/pico_runtime/runtime.c.obj
                0x10002d4c                runtime_init
 .text.panic    0x10002e44       0x30 CMakeFiles/dht_example.dir/C_/Program_Files/Raspberry_Pi/Pico_SDK_v1.5.1/pico-sdk/src/rp2_common/pico_runtime/runtime.c.obj
                0x10002e44                panic
 .text._out_null
                0x10002e74        0x2 CMakeFiles/dht_example.dir/C_/Program_Files/Raspberry_Pi/Pico_SDK_v1.5.1/pico-sdk/src/rp2_common/pico_printf/printf.c.obj
 .text._out_fct
                0x10002e76        0xe CMakeFiles/dht_example.dir/C_/Program_Files/Raspberry_Pi/Pico_SDK_v1.5.1/pico-sdk/src/rp2_common/pico_printf/printf.c.obj
 .text._atoi    0x10002e84       0x24 CMakeFiles/dht_example.dir/C_/Program_Files/Raspberry_Pi/Pico_SDK_v1.5.1/pico-sdk/src/rp2_common/pico_printf/printf.c.obj
 .text._out_rev
                0x10002ea8       0xae CMakeFiles/dht_example.dir/C_/Program_Files/Raspberry_Pi/Pico_SDK_v1.5.1/pico-sdk/src/rp2_common/pico_printf/printf.c.obj
 .text._ntoa_format
                0x10002f56      0x112 CMakeFiles/dht_example.dir/C_/Program_Files/Raspberry_Pi/Pico_SDK_v1.5.1/pico-sdk/src/rp2_common/pico_printf/printf.c.obj
 .text._ntoa_long
                0x10003068       0xbc CMakeFiles/dht_example.dir/C_/Program_Files/Raspberry_Pi/Pico_SDK_v1.5.1/pico-sdk/src/rp2_common/pico_printf/printf.c.obj
 .text._ntoa_long_long
                0x10003124       0xe2 CMakeFiles/dht_example.dir/C_/Program_Files/Raspberry_Pi/Pico_SDK_v1.5.1/pico-sdk/src/rp2_common/pico_printf/printf.c.obj
 *fill*         0x10003206        0x2 
 .text._etoa    0x10003208      0x414 CMakeFiles/dht_example.dir/C_/Program_Files/Raspberry_Pi/Pico_SDK_v1.5.1/pico-sdk/src/rp2_common/pico_printf/printf.c.obj
 .text._ftoa    0x1000361c      0x354 CMakeFiles/dht_example.dir/C_/Program_Files/Raspberry_Pi/Pico_SDK_v1.5.1/pico-sdk/src/rp2_common/pico_printf/printf.c.obj
 .text._vsnprintf
                0x10003970      0x624 CMakeFiles/dht_example.dir/C_/Program_Files/Raspberry_Pi/Pico_SDK_v1.5.1/pico-sdk/src/rp2_common/pico_printf/printf.c.obj
 .text.vfctprintf
                0x10003f94       0x20 CMakeFiles/dht_example.dir/C_/Program_Files/Raspberry_Pi/Pico_SDK_v1.5.1/pico-sdk/src/rp2_common/pico_printf/printf.c.obj
                0x10003f94                vfctprintf
 .text          0x10003fb4       0x10 CMakeFiles/dht_example.dir/C_/Program_Files/Raspberry_Pi/Pico_SDK_v1.5.1/pico-sdk/src/rp2_common/pico_bit_ops/bit_ops_aeabi.S.obj
 .text.rom_func_lookup
                0x10003fc4       0x10 CMakeFiles/dht_example.dir/C_/Program_Files/Raspberry_Pi/Pico_SDK_v1.5.1/pico-sdk/src/rp2_common/pico_bootrom/bootrom.c.obj
                0x10003fc4                rom_func_lookup
 .text.rom_data_lookup
                0x10003fd4       0x10 CMakeFiles/dht_example.dir/C_/Program_Files/Raspberry_Pi/Pico_SDK_v1.5.1/pico-sdk/src/rp2_common/pico_bootrom/bootrom.c.obj
                0x10003fd4                rom_data_lookup
 .text.rom_funcs_lookup
                0x10003fe4       0x36 CMakeFiles/dht_example.dir/C_/Program_Files/Raspberry_Pi/Pico_SDK_v1.5.1/pico-sdk/src/rp2_common/pico_bootrom/bootrom.c.obj
                0x10003fe4                rom_funcs_lookup
 *fill*         0x1000401a        0x2 
 .text.__wrap___aeabi_idiv
                0x1000401c       0x50 CMakeFiles/dht_example.dir/C_/Program_Files/Raspberry_Pi/Pico_SDK_v1.5.1/pico-sdk/src/rp2_common/pico_divider/divider.S.obj
                0x1000401c                __wrap___aeabi_idivmod
                0x1000401c                divmod_s32s32
                0x1000401c                div_s32s32
                0x1000401c                __wrap___aeabi_idiv
                0x10004024                divmod_s32s32_unsafe
                0x10004050                divmod_s32s32_savestate
 .text.__wrap___aeabi_uidiv
                0x1000406c       0x4c CMakeFiles/dht_example.dir/C_/Program_Files/Raspberry_Pi/Pico_SDK_v1.5.1/pico-sdk/src/rp2_common/pico_divider/divider.S.obj
                0x1000406c                __wrap___aeabi_uidiv
                0x1000406c                __wrap___aeabi_uidivmod
                0x1000406c                div_u32u32
                0x1000406c                divmod_u32u32
                0x10004074                divmod_u32u32_unsafe
                0x1000409c                divmod_u32u32_savestate
 .text.__wrap___aeabi_ldiv
                0x100040b8      0x424 CMakeFiles/dht_example.dir/C_/Program_Files/Raspberry_Pi/Pico_SDK_v1.5.1/pico-sdk/src/rp2_common/pico_divider/divider.S.obj
                0x100040b8                div_s64s64
                0x100040b8                divmod_s64s64
                0x100040b8                __wrap___aeabi_ldivmod
                0x100040e8                divmod_u64u64
                0x100040e8                div_u64u64
                0x100040e8                __wrap___aeabi_uldivmod
                0x100040f8                divmod_u64u64_savestate
                0x10004118                divmod_s64s64_unsafe
                0x100041a0                divmod_u64u64_unsafe
 .text.__wrap___aeabi_darithmetic
                0x100044dc       0x60 CMakeFiles/dht_example.dir/C_/Program_Files/Raspberry_Pi/Pico_SDK_v1.5.1/pico-sdk/src/rp2_common/pico_double/double_aeabi.S.obj
                0x100044dc                __wrap___aeabi_drsub
                0x100044e2                __wrap___aeabi_dsub
                0x100044ec                __wrap___aeabi_dadd
                0x100044f6                __wrap___aeabi_ddiv
                0x1000452a                __wrap___aeabi_dmul
 .text.__wrap___aeabi_cdcmple
                0x1000453c       0x6c CMakeFiles/dht_example.dir/C_/Program_Files/Raspberry_Pi/Pico_SDK_v1.5.1/pico-sdk/src/rp2_common/pico_double/double_aeabi.S.obj
                0x1000453c                __wrap___aeabi_cdrcmple
                0x1000454c                __wrap___aeabi_cdcmpeq
                0x1000454c                __wrap___aeabi_cdcmple
 .text.__wrap___aeabi_dcmplt
                0x100045a8        0xc CMakeFiles/dht_example.dir/C_/Program_Files/Raspberry_Pi/Pico_SDK_v1.5.1/pico-sdk/src/rp2_common/pico_double/double_aeabi.S.obj
                0x100045a8                __wrap___aeabi_dcmplt
 .text.__wrap___aeabi_dcmple
                0x100045b4       0x10 CMakeFiles/dht_example.dir/C_/Program_Files/Raspberry_Pi/Pico_SDK_v1.5.1/pico-sdk/src/rp2_common/pico_double/double_aeabi.S.obj
                0x100045b4                __wrap___aeabi_dcmple
 .text.__wrap___aeabi_dcmpge
                0x100045c4       0x10 CMakeFiles/dht_example.dir/C_/Program_Files/Raspberry_Pi/Pico_SDK_v1.5.1/pico-sdk/src/rp2_common/pico_double/double_aeabi.S.obj
                0x100045c4                __wrap___aeabi_dcmpge
 .text.__wrap___aeabi_dcmpgt
                0x100045d4        0xa CMakeFiles/dht_example.dir/C_/Program_Files/Raspberry_Pi/Pico_SDK_v1.5.1/pico-sdk/src/rp2_common/pico_double/double_aeabi.S.obj
                0x100045d4                __wrap___aeabi_dcmpgt
 .text.__wrap___aeabi_dcmpun
                0x100045de       0x1c CMakeFiles/dht_example.dir/C_/Program_Files/Raspberry_Pi/Pico_SDK_v1.5.1/pico-sdk/src/rp2_common/pico_double/double_aeabi.S.obj
                0x100045de                __wrap___aeabi_dcmpun
 *fill*         0x100045fa        0x2 
 .text.__wrap___aeabi_i2d
                0x100045fc       0x38 CMakeFiles/dht_example.dir/C_/Program_Files/Raspberry_Pi/Pico_SDK_v1.5.1/pico-sdk/src/rp2_common/pico_double/double_aeabi.S.obj
                0x100045fc                __wrap___aeabi_ui2d
                0x10004604                __wrap___aeabi_i2d
 .text.__wrap___aeabi_d2iz
                0x10004634       0x48 CMakeFiles/dht_example.dir/C_/Program_Files/Raspberry_Pi/Pico_SDK_v1.5.1/pico-sdk/src/rp2_common/pico_double/double_aeabi.S.obj
                0x10004634                double2int_z
                0x10004634                __wrap___aeabi_d2iz
 .text.__wrap___aeabi_d2uiz
                0x1000467c       0x10 CMakeFiles/dht_example.dir/C_/Program_Files/Raspberry_Pi/Pico_SDK_v1.5.1/pico-sdk/src/rp2_common/pico_double/double_aeabi.S.obj
                0x1000467c                __wrap___aeabi_d2uiz
                0x1000467c                double2uint
 .text.missing_double_func_shim
                0x1000468c        0xc CMakeFiles/dht_example.dir/C_/Program_Files/Raspberry_Pi/Pico_SDK_v1.5.1/pico-sdk/src/rp2_common/pico_double/double_init_rom.c.obj
 .text.__aeabi_double_init
                0x10004698       0xcc CMakeFiles/dht_example.dir/C_/Program_Files/Raspberry_Pi/Pico_SDK_v1.5.1/pico-sdk/src/rp2_common/pico_double/double_init_rom.c.obj
                0x10004698                __aeabi_double_init
 .text.double_table_shim_on_use_helper
                0x10004764       0x34 CMakeFiles/dht_example.dir/C_/Program_Files/Raspberry_Pi/Pico_SDK_v1.5.1/pico-sdk/src/rp2_common/pico_double/double_v1_rom_shim.S.obj
                0x10004764                double_table_shim_on_use_helper
 .text.__aeabi_lmul
                0x10004798       0x32 CMakeFiles/dht_example.dir/C_/Program_Files/Raspberry_Pi/Pico_SDK_v1.5.1/pico-sdk/src/rp2_common/pico_int64_ops/pico_int64_ops_aeabi.S.obj
                0x10004798                __wrap___aeabi_lmul
 *fill*         0x100047ca        0x2 
 .text.__wrap___aeabi_farithmetic
                0x100047cc       0x48 CMakeFiles/dht_example.dir/C_/Program_Files/Raspberry_Pi/Pico_SDK_v1.5.1/pico-sdk/src/rp2_common/pico_float/float_aeabi.S.obj
                0x100047cc                __wrap___aeabi_frsub
                0x100047d2                __wrap___aeabi_fsub
                0x100047d8                __wrap___aeabi_fadd
                0x100047de                __wrap___aeabi_fdiv
                0x10004806                __wrap___aeabi_fmul
 .text.__wrap___aeabi_ui2f
                0x10004814        0xa CMakeFiles/dht_example.dir/C_/Program_Files/Raspberry_Pi/Pico_SDK_v1.5.1/pico-sdk/src/rp2_common/pico_float/float_aeabi.S.obj
                0x10004814                __wrap___aeabi_ui2f
 *fill*         0x1000481e        0x2 
 .text.__wrap___aeabi_i2f
                0x10004820       0x44 CMakeFiles/dht_example.dir/C_/Program_Files/Raspberry_Pi/Pico_SDK_v1.5.1/pico-sdk/src/rp2_common/pico_float/float_aeabi.S.obj
                0x10004820                __wrap___aeabi_i2f
 .text.__wrap___aeabi_f2uiz
                0x10004864        0xc CMakeFiles/dht_example.dir/C_/Program_Files/Raspberry_Pi/Pico_SDK_v1.5.1/pico-sdk/src/rp2_common/pico_float/float_aeabi.S.obj
                0x10004864                __wrap___aeabi_f2uiz
 .text.__wrap___aeabi_f2d
                0x10004870        0xc CMakeFiles/dht_example.dir/C_/Program_Files/Raspberry_Pi/Pico_SDK_v1.5.1/pico-sdk/src/rp2_common/pico_float/float_aeabi.S.obj
                0x10004870                __wrap___aeabi_f2d
 .text.missing_float_func_shim
                0x1000487c        0xc CMakeFiles/dht_example.dir/C_/Program_Files/Raspberry_Pi/Pico_SDK_v1.5.1/pico-sdk/src/rp2_common/pico_float/float_init_rom.c.obj
 .text.__aeabi_float_init
                0x10004888       0x88 CMakeFiles/dht_example.dir/C_/Program_Files/Raspberry_Pi/Pico_SDK_v1.5.1/pico-sdk/src/rp2_common/pico_float/float_init_rom.c.obj
                0x10004888                __aeabi_float_init
 .text          0x10004910       0x10 CMakeFiles/dht_example.dir/C_/Program_Files/Raspberry_Pi/Pico_SDK_v1.5.1/pico-sdk/src/rp2_common/pico_mem_ops/mem_ops_aeabi.S.obj
                0x10004910                __aeabi_mem_init
 .text.memset   0x10004920        0xc CMakeFiles/dht_example.dir/C_/Program_Files/Raspberry_Pi/Pico_SDK_v1.5.1/pico-sdk/src/rp2_common/pico_mem_ops/mem_ops_aeabi.S.obj
                0x10004920                __wrap_memset
 .text.memcpy   0x1000492c        0xc CMakeFiles/dht_example.dir/C_/Program_Files/Raspberry_Pi/Pico_SDK_v1.5.1/pico-sdk/src/rp2_common/pico_mem_ops/mem_ops_aeabi.S.obj
                0x1000492c                __wrap_memcpy
                0x1000492c                __wrap___aeabi_memcpy
 .text.stdio_out_chars_no_crlf
                0x10004938        0xe CMakeFiles/dht_example.dir/C_/Program_Files/Raspberry_Pi/Pico_SDK_v1.5.1/pico-sdk/src/rp2_common/pico_stdio/stdio.c.obj
 *fill*         0x10004946        0x2 
 .text.stdio_out_chars_crlf
                0x10004948       0x80 CMakeFiles/dht_example.dir/C_/Program_Files/Raspberry_Pi/Pico_SDK_v1.5.1/pico-sdk/src/rp2_common/pico_stdio/stdio.c.obj
 .text.stdio_stack_buffer_flush
                0x100049c8       0x44 CMakeFiles/dht_example.dir/C_/Program_Files/Raspberry_Pi/Pico_SDK_v1.5.1/pico-sdk/src/rp2_common/pico_stdio/stdio.c.obj
 .text.stdio_buffered_printer
                0x10004a0c       0x20 CMakeFiles/dht_example.dir/C_/Program_Files/Raspberry_Pi/Pico_SDK_v1.5.1/pico-sdk/src/rp2_common/pico_stdio/stdio.c.obj
 .text.stdout_serialize_begin
                0x10004a2c       0x5c CMakeFiles/dht_example.dir/C_/Program_Files/Raspberry_Pi/Pico_SDK_v1.5.1/pico-sdk/src/rp2_common/pico_stdio/stdio.c.obj
                0x10004a2c                stdout_serialize_begin
 .text.stdout_serialize_end
                0x10004a88       0x10 CMakeFiles/dht_example.dir/C_/Program_Files/Raspberry_Pi/Pico_SDK_v1.5.1/pico-sdk/src/rp2_common/pico_stdio/stdio.c.obj
                0x10004a88                stdout_serialize_end
 .text.stdio_put_string
                0x10004a98       0x98 CMakeFiles/dht_example.dir/C_/Program_Files/Raspberry_Pi/Pico_SDK_v1.5.1/pico-sdk/src/rp2_common/pico_stdio/stdio.c.obj
 .text.stdio_set_driver_enabled
                0x10004b30       0x2c CMakeFiles/dht_example.dir/C_/Program_Files/Raspberry_Pi/Pico_SDK_v1.5.1/pico-sdk/src/rp2_common/pico_stdio/stdio.c.obj
                0x10004b30                stdio_set_driver_enabled
 .text.stdio_flush
                0x10004b5c       0x20 CMakeFiles/dht_example.dir/C_/Program_Files/Raspberry_Pi/Pico_SDK_v1.5.1/pico-sdk/src/rp2_common/pico_stdio/stdio.c.obj
                0x10004b5c                stdio_flush
 .text.__wrap_puts
                0x10004b7c       0x1e CMakeFiles/dht_example.dir/C_/Program_Files/Raspberry_Pi/Pico_SDK_v1.5.1/pico-sdk/src/rp2_common/pico_stdio/stdio.c.obj
                0x10004b7c                __wrap_puts
 *fill*         0x10004b9a        0x2 
 .text.__wrap_vprintf
                0x10004b9c       0x40 CMakeFiles/dht_example.dir/C_/Program_Files/Raspberry_Pi/Pico_SDK_v1.5.1/pico-sdk/src/rp2_common/pico_stdio/stdio.c.obj
                0x10004b9c                __wrap_vprintf
 .text.__wrap_printf
                0x10004bdc       0x18 CMakeFiles/dht_example.dir/C_/Program_Files/Raspberry_Pi/Pico_SDK_v1.5.1/pico-sdk/src/rp2_common/pico_stdio/stdio.c.obj
                0x10004bdc                __wrap_printf
 .text.stdio_init_all
                0x10004bf4        0xe CMakeFiles/dht_example.dir/C_/Program_Files/Raspberry_Pi/Pico_SDK_v1.5.1/pico-sdk/src/rp2_common/pico_stdio/stdio.c.obj
                0x10004bf4                stdio_init_all
 *fill*         0x10004c02        0x2 
 .text.stdio_uart_out_chars
                0x10004c04       0x74 CMakeFiles/dht_example.dir/C_/Program_Files/Raspberry_Pi/Pico_SDK_v1.5.1/pico-sdk/src/rp2_common/pico_stdio_uart/stdio_uart.c.obj
 .text.stdio_uart_in_chars
                0x10004c78       0x80 CMakeFiles/dht_example.dir/C_/Program_Files/Raspberry_Pi/Pico_SDK_v1.5.1/pico-sdk/src/rp2_common/pico_stdio_uart/stdio_uart.c.obj
                0x10004c78                stdio_uart_in_chars
 .text.on_uart_rx
                0x10004cf8       0x28 CMakeFiles/dht_example.dir/C_/Program_Files/Raspberry_Pi/Pico_SDK_v1.5.1/pico-sdk/src/rp2_common/pico_stdio_uart/stdio_uart.c.obj
 .text.stdio_uart_set_chars_available_callback
                0x10004d20       0x8c CMakeFiles/dht_example.dir/C_/Program_Files/Raspberry_Pi/Pico_SDK_v1.5.1/pico-sdk/src/rp2_common/pico_stdio_uart/stdio_uart.c.obj
 .text.stdio_uart_init_full
                0x10004dac       0x44 CMakeFiles/dht_example.dir/C_/Program_Files/Raspberry_Pi/Pico_SDK_v1.5.1/pico-sdk/src/rp2_common/pico_stdio_uart/stdio_uart.c.obj
                0x10004dac                stdio_uart_init_full
 .text.stdio_uart_init
                0x10004df0       0x28 CMakeFiles/dht_example.dir/C_/Program_Files/Raspberry_Pi/Pico_SDK_v1.5.1/pico-sdk/src/rp2_common/pico_stdio_uart/stdio_uart.c.obj
                0x10004df0                stdio_uart_init
 .text.resetd_init
                0x10004e18        0x2 CMakeFiles/dht_example.dir/C_/Program_Files/Raspberry_Pi/Pico_SDK_v1.5.1/pico-sdk/src/rp2_common/pico_stdio_usb/reset_interface.c.obj
 *fill*         0x10004e1a        0x2 
 .text.resetd_reset
                0x10004e1c        0xc CMakeFiles/dht_example.dir/C_/Program_Files/Raspberry_Pi/Pico_SDK_v1.5.1/pico-sdk/src/rp2_common/pico_stdio_usb/reset_interface.c.obj
 .text.resetd_open
                0x10004e28       0x34 CMakeFiles/dht_example.dir/C_/Program_Files/Raspberry_Pi/Pico_SDK_v1.5.1/pico-sdk/src/rp2_common/pico_stdio_usb/reset_interface.c.obj
 .text.resetd_xfer_cb
                0x10004e5c        0x4 CMakeFiles/dht_example.dir/C_/Program_Files/Raspberry_Pi/Pico_SDK_v1.5.1/pico-sdk/src/rp2_common/pico_stdio_usb/reset_interface.c.obj
 .text.reset_usb_boot
                0x10004e60       0x18 CMakeFiles/dht_example.dir/C_/Program_Files/Raspberry_Pi/Pico_SDK_v1.5.1/pico-sdk/src/rp2_common/pico_stdio_usb/reset_interface.c.obj
 .text.resetd_control_xfer_cb
                0x10004e78       0x5c CMakeFiles/dht_example.dir/C_/Program_Files/Raspberry_Pi/Pico_SDK_v1.5.1/pico-sdk/src/rp2_common/pico_stdio_usb/reset_interface.c.obj
 .text.usbd_app_driver_get_cb
                0x10004ed4        0xc CMakeFiles/dht_example.dir/C_/Program_Files/Raspberry_Pi/Pico_SDK_v1.5.1/pico-sdk/src/rp2_common/pico_stdio_usb/reset_interface.c.obj
                0x10004ed4                usbd_app_driver_get_cb
 .text.tud_cdc_line_coding_cb
                0x10004ee0       0x28 CMakeFiles/dht_example.dir/C_/Program_Files/Raspberry_Pi/Pico_SDK_v1.5.1/pico-sdk/src/rp2_common/pico_stdio_usb/reset_interface.c.obj
                0x10004ee0                tud_cdc_line_coding_cb
 .text.stdio_usb_set_chars_available_callback
                0x10004f08       0x14 CMakeFiles/dht_example.dir/C_/Program_Files/Raspberry_Pi/Pico_SDK_v1.5.1/pico-sdk/src/rp2_common/pico_stdio_usb/stdio_usb.c.obj
                0x10004f08                stdio_usb_set_chars_available_callback
 .text.usb_irq  0x10004f1c       0x10 CMakeFiles/dht_example.dir/C_/Program_Files/Raspberry_Pi/Pico_SDK_v1.5.1/pico-sdk/src/rp2_common/pico_stdio_usb/stdio_usb.c.obj
 .text.timer_task
                0x10004f2c       0x5c CMakeFiles/dht_example.dir/C_/Program_Files/Raspberry_Pi/Pico_SDK_v1.5.1/pico-sdk/src/rp2_common/pico_stdio_usb/stdio_usb.c.obj
 .text.low_priority_worker_irq
                0x10004f88       0xdc CMakeFiles/dht_example.dir/C_/Program_Files/Raspberry_Pi/Pico_SDK_v1.5.1/pico-sdk/src/rp2_common/pico_stdio_usb/stdio_usb.c.obj
 .text.tud_cdc_rx_cb
                0x10005064       0x20 CMakeFiles/dht_example.dir/C_/Program_Files/Raspberry_Pi/Pico_SDK_v1.5.1/pico-sdk/src/rp2_common/pico_stdio_usb/stdio_usb.c.obj
                0x10005064                tud_cdc_rx_cb
 .text.stdio_usb_init
                0x10005084      0x11c CMakeFiles/dht_example.dir/C_/Program_Files/Raspberry_Pi/Pico_SDK_v1.5.1/pico-sdk/src/rp2_common/pico_stdio_usb/stdio_usb.c.obj
                0x10005084                stdio_usb_init
 .text.stdio_usb_connected
                0x100051a0        0xa CMakeFiles/dht_example.dir/C_/Program_Files/Raspberry_Pi/Pico_SDK_v1.5.1/pico-sdk/src/rp2_common/pico_stdio_usb/stdio_usb.c.obj
                0x100051a0                stdio_usb_connected
 *fill*         0x100051aa        0x2 
 .text.stdio_usb_in_chars
                0x100051ac       0xc4 CMakeFiles/dht_example.dir/C_/Program_Files/Raspberry_Pi/Pico_SDK_v1.5.1/pico-sdk/src/rp2_common/pico_stdio_usb/stdio_usb.c.obj
                0x100051ac                stdio_usb_in_chars
 .text.stdio_usb_out_chars
                0x10005270      0x114 CMakeFiles/dht_example.dir/C_/Program_Files/Raspberry_Pi/Pico_SDK_v1.5.1/pico-sdk/src/rp2_common/pico_stdio_usb/stdio_usb.c.obj
 .text.tud_descriptor_device_cb
                0x10005384        0x8 CMakeFiles/dht_example.dir/C_/Program_Files/Raspberry_Pi/Pico_SDK_v1.5.1/pico-sdk/src/rp2_common/pico_stdio_usb/stdio_usb_descriptors.c.obj
                0x10005384                tud_descriptor_device_cb
 .text.tud_descriptor_configuration_cb
                0x1000538c        0x8 CMakeFiles/dht_example.dir/C_/Program_Files/Raspberry_Pi/Pico_SDK_v1.5.1/pico-sdk/src/rp2_common/pico_stdio_usb/stdio_usb_descriptors.c.obj
                0x1000538c                tud_descriptor_configuration_cb
 .text.tud_descriptor_string_cb
                0x10005394       0x6c CMakeFiles/dht_example.dir/C_/Program_Files/Raspberry_Pi/Pico_SDK_v1.5.1/pico-sdk/src/rp2_common/pico_stdio_usb/stdio_usb_descriptors.c.obj
                0x10005394                tud_descriptor_string_cb
 .text._retrieve_unique_id_on_boot
                0x10005400       0x10 CMakeFiles/dht_example.dir/C_/Program_Files/Raspberry_Pi/Pico_SDK_v1.5.1/pico-sdk/src/rp2_common/pico_unique_id/unique_id.c.obj
 .text.pico_get_unique_board_id_string
                0x10005410       0x60 CMakeFiles/dht_example.dir/C_/Program_Files/Raspberry_Pi/Pico_SDK_v1.5.1/pico-sdk/src/rp2_common/pico_unique_id/unique_id.c.obj
                0x10005410                pico_get_unique_board_id_string
 .text.flash_get_unique_id
                0x10005470       0x46 CMakeFiles/dht_example.dir/C_/Program_Files/Raspberry_Pi/Pico_SDK_v1.5.1/pico-sdk/src/rp2_common/hardware_flash/flash.c.obj
                0x10005470                flash_get_unique_id
 *fill*         0x100054b6        0x2 
 .text.hw_endpoint_get_by_addr
                0x100054b8       0x18 CMakeFiles/dht_example.dir/C_/Program_Files/Raspberry_Pi/Pico_SDK_v1.5.1/pico-sdk/lib/tinyusb/src/portable/raspberrypi/rp2040/dcd_rp2040.c.obj
 .text._hw_endpoint_alloc
                0x100054d0       0x70 CMakeFiles/dht_example.dir/C_/Program_Files/Raspberry_Pi/Pico_SDK_v1.5.1/pico-sdk/lib/tinyusb/src/portable/raspberrypi/rp2040/dcd_rp2040.c.obj
 .text.hw_endpoint_init
                0x10005540       0x88 CMakeFiles/dht_example.dir/C_/Program_Files/Raspberry_Pi/Pico_SDK_v1.5.1/pico-sdk/lib/tinyusb/src/portable/raspberrypi/rp2040/dcd_rp2040.c.obj
 .text.hw_endpoint_xfer
                0x100055c8       0x14 CMakeFiles/dht_example.dir/C_/Program_Files/Raspberry_Pi/Pico_SDK_v1.5.1/pico-sdk/lib/tinyusb/src/portable/raspberrypi/rp2040/dcd_rp2040.c.obj
 .text.dcd_int_enable
                0x100055dc       0x2c CMakeFiles/dht_example.dir/C_/Program_Files/Raspberry_Pi/Pico_SDK_v1.5.1/pico-sdk/lib/tinyusb/src/portable/raspberrypi/rp2040/dcd_rp2040.c.obj
                0x100055dc                dcd_int_enable
 .text.dcd_set_address
                0x10005608       0x2c CMakeFiles/dht_example.dir/C_/Program_Files/Raspberry_Pi/Pico_SDK_v1.5.1/pico-sdk/lib/tinyusb/src/portable/raspberrypi/rp2040/dcd_rp2040.c.obj
                0x10005608                dcd_set_address
 .text.dcd_connect
                0x10005634       0x10 CMakeFiles/dht_example.dir/C_/Program_Files/Raspberry_Pi/Pico_SDK_v1.5.1/pico-sdk/lib/tinyusb/src/portable/raspberrypi/rp2040/dcd_rp2040.c.obj
                0x10005634                dcd_connect
 .text.dcd_init
                0x10005644       0x80 CMakeFiles/dht_example.dir/C_/Program_Files/Raspberry_Pi/Pico_SDK_v1.5.1/pico-sdk/lib/tinyusb/src/portable/raspberrypi/rp2040/dcd_rp2040.c.obj
                0x10005644                dcd_init
 .text.dcd_edpt0_status_complete
                0x100056c4       0x1c CMakeFiles/dht_example.dir/C_/Program_Files/Raspberry_Pi/Pico_SDK_v1.5.1/pico-sdk/lib/tinyusb/src/portable/raspberrypi/rp2040/dcd_rp2040.c.obj
                0x100056c4                dcd_edpt0_status_complete
 .text.dcd_edpt_open
                0x100056e0       0x40 CMakeFiles/dht_example.dir/C_/Program_Files/Raspberry_Pi/Pico_SDK_v1.5.1/pico-sdk/lib/tinyusb/src/portable/raspberrypi/rp2040/dcd_rp2040.c.obj
                0x100056e0                dcd_edpt_open
 .text.dcd_edpt_close_all
                0x10005720        0x8 CMakeFiles/dht_example.dir/C_/Program_Files/Raspberry_Pi/Pico_SDK_v1.5.1/pico-sdk/lib/tinyusb/src/portable/raspberrypi/rp2040/dcd_rp2040.c.obj
                0x10005720                dcd_edpt_close_all
 .text.dcd_edpt_xfer
                0x10005728       0x34 CMakeFiles/dht_example.dir/C_/Program_Files/Raspberry_Pi/Pico_SDK_v1.5.1/pico-sdk/lib/tinyusb/src/portable/raspberrypi/rp2040/dcd_rp2040.c.obj
                0x10005728                dcd_edpt_xfer
 .text.dcd_edpt_stall
                0x1000575c       0x2c CMakeFiles/dht_example.dir/C_/Program_Files/Raspberry_Pi/Pico_SDK_v1.5.1/pico-sdk/lib/tinyusb/src/portable/raspberrypi/rp2040/dcd_rp2040.c.obj
                0x1000575c                dcd_edpt_stall
 .text.dcd_edpt_clear_stall
                0x10005788       0x20 CMakeFiles/dht_example.dir/C_/Program_Files/Raspberry_Pi/Pico_SDK_v1.5.1/pico-sdk/lib/tinyusb/src/portable/raspberrypi/rp2040/dcd_rp2040.c.obj
                0x10005788                dcd_edpt_clear_stall
 .text.rp2040_usb_init
                0x100057a8       0x4c CMakeFiles/dht_example.dir/C_/Program_Files/Raspberry_Pi/Pico_SDK_v1.5.1/pico-sdk/lib/tinyusb/src/portable/raspberrypi/rp2040/rp2040_usb.c.obj
                0x100057a8                rp2040_usb_init
 .text.hw_endpoint_xfer_start
                0x100057f4       0x50 CMakeFiles/dht_example.dir/C_/Program_Files/Raspberry_Pi/Pico_SDK_v1.5.1/pico-sdk/lib/tinyusb/src/portable/raspberrypi/rp2040/rp2040_usb.c.obj
                0x100057f4                hw_endpoint_xfer_start
 .text.configuration_reset
                0x10005844       0x84 CMakeFiles/dht_example.dir/C_/Program_Files/Raspberry_Pi/Pico_SDK_v1.5.1/pico-sdk/lib/tinyusb/src/device/usbd.c.obj
 .text.usbd_reset
                0x100058c8        0xc CMakeFiles/dht_example.dir/C_/Program_Files/Raspberry_Pi/Pico_SDK_v1.5.1/pico-sdk/lib/tinyusb/src/device/usbd.c.obj
 .text.invoke_class_control
                0x100058d4       0x1a CMakeFiles/dht_example.dir/C_/Program_Files/Raspberry_Pi/Pico_SDK_v1.5.1/pico-sdk/lib/tinyusb/src/device/usbd.c.obj
 *fill*         0x100058ee        0x2 
 .text.process_set_config
                0x100058f0      0x178 CMakeFiles/dht_example.dir/C_/Program_Files/Raspberry_Pi/Pico_SDK_v1.5.1/pico-sdk/lib/tinyusb/src/device/usbd.c.obj
 .text.process_get_descriptor
                0x10005a68       0xdc CMakeFiles/dht_example.dir/C_/Program_Files/Raspberry_Pi/Pico_SDK_v1.5.1/pico-sdk/lib/tinyusb/src/device/usbd.c.obj
 .text.tud_mounted
                0x10005b44       0x10 CMakeFiles/dht_example.dir/C_/Program_Files/Raspberry_Pi/Pico_SDK_v1.5.1/pico-sdk/lib/tinyusb/src/device/usbd.c.obj
                0x10005b44                tud_mounted
 .text.tud_suspended
                0x10005b54       0x10 CMakeFiles/dht_example.dir/C_/Program_Files/Raspberry_Pi/Pico_SDK_v1.5.1/pico-sdk/lib/tinyusb/src/device/usbd.c.obj
                0x10005b54                tud_suspended
 .text.tud_inited
                0x10005b64       0x14 CMakeFiles/dht_example.dir/C_/Program_Files/Raspberry_Pi/Pico_SDK_v1.5.1/pico-sdk/lib/tinyusb/src/device/usbd.c.obj
                0x10005b64                tud_inited
 .text.tud_init
                0x10005b78       0xcc CMakeFiles/dht_example.dir/C_/Program_Files/Raspberry_Pi/Pico_SDK_v1.5.1/pico-sdk/lib/tinyusb/src/device/usbd.c.obj
                0x10005b78                tud_init
 .text.usbd_defer_func
                0x10005c44       0x2a CMakeFiles/dht_example.dir/C_/Program_Files/Raspberry_Pi/Pico_SDK_v1.5.1/pico-sdk/lib/tinyusb/src/device/usbd.c.obj
                0x10005c44                usbd_defer_func
 *fill*         0x10005c6e        0x2 
 .text.usbd_edpt_open
                0x10005c70       0x34 CMakeFiles/dht_example.dir/C_/Program_Files/Raspberry_Pi/Pico_SDK_v1.5.1/pico-sdk/lib/tinyusb/src/device/usbd.c.obj
                0x10005c70                usbd_edpt_open
 .text.usbd_open_edpt_pair
                0x10005ca4       0x62 CMakeFiles/dht_example.dir/C_/Program_Files/Raspberry_Pi/Pico_SDK_v1.5.1/pico-sdk/lib/tinyusb/src/device/usbd.c.obj
                0x10005ca4                usbd_open_edpt_pair
 *fill*         0x10005d06        0x2 
 .text.usbd_edpt_claim
                0x10005d08       0x28 CMakeFiles/dht_example.dir/C_/Program_Files/Raspberry_Pi/Pico_SDK_v1.5.1/pico-sdk/lib/tinyusb/src/device/usbd.c.obj
                0x10005d08                usbd_edpt_claim
 .text.usbd_edpt_release
                0x10005d30       0x28 CMakeFiles/dht_example.dir/C_/Program_Files/Raspberry_Pi/Pico_SDK_v1.5.1/pico-sdk/lib/tinyusb/src/device/usbd.c.obj
                0x10005d30                usbd_edpt_release
 .text.usbd_edpt_xfer
                0x10005d58       0x78 CMakeFiles/dht_example.dir/C_/Program_Files/Raspberry_Pi/Pico_SDK_v1.5.1/pico-sdk/lib/tinyusb/src/device/usbd.c.obj
                0x10005d58                usbd_edpt_xfer
 .text.usbd_edpt_stall
                0x10005dd0       0x48 CMakeFiles/dht_example.dir/C_/Program_Files/Raspberry_Pi/Pico_SDK_v1.5.1/pico-sdk/lib/tinyusb/src/device/usbd.c.obj
                0x10005dd0                usbd_edpt_stall
 .text.usbd_edpt_clear_stall
                0x10005e18       0x48 CMakeFiles/dht_example.dir/C_/Program_Files/Raspberry_Pi/Pico_SDK_v1.5.1/pico-sdk/lib/tinyusb/src/device/usbd.c.obj
                0x10005e18                usbd_edpt_clear_stall
 .text.usbd_edpt_stalled
                0x10005e60       0x1c CMakeFiles/dht_example.dir/C_/Program_Files/Raspberry_Pi/Pico_SDK_v1.5.1/pico-sdk/lib/tinyusb/src/device/usbd.c.obj
                0x10005e60                usbd_edpt_stalled
 .text.process_control_request
                0x10005e7c      0x37c CMakeFiles/dht_example.dir/C_/Program_Files/Raspberry_Pi/Pico_SDK_v1.5.1/pico-sdk/lib/tinyusb/src/device/usbd.c.obj
 .text.tud_task_ext
                0x100061f8      0x1b8 CMakeFiles/dht_example.dir/C_/Program_Files/Raspberry_Pi/Pico_SDK_v1.5.1/pico-sdk/lib/tinyusb/src/device/usbd.c.obj
                0x100061f8                tud_task_ext
 .text._data_stage_xact
                0x100063b0       0x58 CMakeFiles/dht_example.dir/C_/Program_Files/Raspberry_Pi/Pico_SDK_v1.5.1/pico-sdk/lib/tinyusb/src/device/usbd_control.c.obj
 .text.tud_control_status
                0x10006408       0x38 CMakeFiles/dht_example.dir/C_/Program_Files/Raspberry_Pi/Pico_SDK_v1.5.1/pico-sdk/lib/tinyusb/src/device/usbd_control.c.obj
                0x10006408                tud_control_status
 .text.tud_control_xfer
                0x10006440       0x74 CMakeFiles/dht_example.dir/C_/Program_Files/Raspberry_Pi/Pico_SDK_v1.5.1/pico-sdk/lib/tinyusb/src/device/usbd_control.c.obj
                0x10006440                tud_control_xfer
 .text.usbd_control_reset
                0x100064b4       0x14 CMakeFiles/dht_example.dir/C_/Program_Files/Raspberry_Pi/Pico_SDK_v1.5.1/pico-sdk/lib/tinyusb/src/device/usbd_control.c.obj
                0x100064b4                usbd_control_reset
 .text.usbd_control_set_complete_callback
                0x100064c8        0xc CMakeFiles/dht_example.dir/C_/Program_Files/Raspberry_Pi/Pico_SDK_v1.5.1/pico-sdk/lib/tinyusb/src/device/usbd_control.c.obj
                0x100064c8                usbd_control_set_complete_callback
 .text.usbd_control_set_request
                0x100064d4       0x1c CMakeFiles/dht_example.dir/C_/Program_Files/Raspberry_Pi/Pico_SDK_v1.5.1/pico-sdk/lib/tinyusb/src/device/usbd_control.c.obj
                0x100064d4                usbd_control_set_request
 .text.usbd_control_xfer_cb
                0x100064f0       0xcc CMakeFiles/dht_example.dir/C_/Program_Files/Raspberry_Pi/Pico_SDK_v1.5.1/pico-sdk/lib/tinyusb/src/device/usbd_control.c.obj
                0x100064f0                usbd_control_xfer_cb
 .text._prep_out_transaction
                0x100065bc       0x4a CMakeFiles/dht_example.dir/C_/Program_Files/Raspberry_Pi/Pico_SDK_v1.5.1/pico-sdk/lib/tinyusb/src/class/cdc/cdc_device.c.obj
 *fill*         0x10006606        0x2 
 .text.tud_cdc_n_connected
                0x10006608       0x44 CMakeFiles/dht_example.dir/C_/Program_Files/Raspberry_Pi/Pico_SDK_v1.5.1/pico-sdk/lib/tinyusb/src/class/cdc/cdc_device.c.obj
                0x10006608                tud_cdc_n_connected
 .text.tud_cdc_n_available
                0x1000664c       0x18 CMakeFiles/dht_example.dir/C_/Program_Files/Raspberry_Pi/Pico_SDK_v1.5.1/pico-sdk/lib/tinyusb/src/class/cdc/cdc_device.c.obj
                0x1000664c                tud_cdc_n_available
 .text.tud_cdc_n_read
                0x10006664       0x28 CMakeFiles/dht_example.dir/C_/Program_Files/Raspberry_Pi/Pico_SDK_v1.5.1/pico-sdk/lib/tinyusb/src/class/cdc/cdc_device.c.obj
                0x10006664                tud_cdc_n_read
 .text.tud_cdc_n_write_flush
                0x1000668c       0xb8 CMakeFiles/dht_example.dir/C_/Program_Files/Raspberry_Pi/Pico_SDK_v1.5.1/pico-sdk/lib/tinyusb/src/class/cdc/cdc_device.c.obj
                0x1000668c                tud_cdc_n_write_flush
 .text.tud_cdc_n_write
                0x10006744       0x38 CMakeFiles/dht_example.dir/C_/Program_Files/Raspberry_Pi/Pico_SDK_v1.5.1/pico-sdk/lib/tinyusb/src/class/cdc/cdc_device.c.obj
                0x10006744                tud_cdc_n_write
 .text.tud_cdc_n_write_available
                0x1000677c       0x1c CMakeFiles/dht_example.dir/C_/Program_Files/Raspberry_Pi/Pico_SDK_v1.5.1/pico-sdk/lib/tinyusb/src/class/cdc/cdc_device.c.obj
                0x1000677c                tud_cdc_n_write_available
 .text.cdcd_init
                0x10006798       0xbc CMakeFiles/dht_example.dir/C_/Program_Files/Raspberry_Pi/Pico_SDK_v1.5.1/pico-sdk/lib/tinyusb/src/class/cdc/cdc_device.c.obj
                0x10006798                cdcd_init
 .text.cdcd_reset
                0x10006854       0x44 CMakeFiles/dht_example.dir/C_/Program_Files/Raspberry_Pi/Pico_SDK_v1.5.1/pico-sdk/lib/tinyusb/src/class/cdc/cdc_device.c.obj
                0x10006854                cdcd_reset
 .text.cdcd_open
                0x10006898       0xcc CMakeFiles/dht_example.dir/C_/Program_Files/Raspberry_Pi/Pico_SDK_v1.5.1/pico-sdk/lib/tinyusb/src/class/cdc/cdc_device.c.obj
                0x10006898                cdcd_open
 .text.cdcd_control_xfer_cb
                0x10006964      0x134 CMakeFiles/dht_example.dir/C_/Program_Files/Raspberry_Pi/Pico_SDK_v1.5.1/pico-sdk/lib/tinyusb/src/class/cdc/cdc_device.c.obj
                0x10006964                cdcd_control_xfer_cb
 .text.cdcd_xfer_cb
                0x10006a98      0x130 CMakeFiles/dht_example.dir/C_/Program_Files/Raspberry_Pi/Pico_SDK_v1.5.1/pico-sdk/lib/tinyusb/src/class/cdc/cdc_device.c.obj
                0x10006a98                cdcd_xfer_cb
 .text.tusb_init
                0x10006bc8        0xa CMakeFiles/dht_example.dir/C_/Program_Files/Raspberry_Pi/Pico_SDK_v1.5.1/pico-sdk/lib/tinyusb/src/tusb.c.obj
                0x10006bc8                tusb_init
 .text.tusb_inited
                0x10006bd2        0xe CMakeFiles/dht_example.dir/C_/Program_Files/Raspberry_Pi/Pico_SDK_v1.5.1/pico-sdk/lib/tinyusb/src/tusb.c.obj
                0x10006bd2                tusb_inited
 .text.tu_edpt_claim
                0x10006be0       0x50 CMakeFiles/dht_example.dir/C_/Program_Files/Raspberry_Pi/Pico_SDK_v1.5.1/pico-sdk/lib/tinyusb/src/tusb.c.obj
                0x10006be0                tu_edpt_claim
 .text.tu_edpt_release
                0x10006c30       0x3c CMakeFiles/dht_example.dir/C_/Program_Files/Raspberry_Pi/Pico_SDK_v1.5.1/pico-sdk/lib/tinyusb/src/tusb.c.obj
                0x10006c30                tu_edpt_release
 .text.tu_edpt_validate
                0x10006c6c       0x78 CMakeFiles/dht_example.dir/C_/Program_Files/Raspberry_Pi/Pico_SDK_v1.5.1/pico-sdk/lib/tinyusb/src/tusb.c.obj
                0x10006c6c                tu_edpt_validate
 .text.tu_edpt_bind_driver
                0x10006ce4       0x26 CMakeFiles/dht_example.dir/C_/Program_Files/Raspberry_Pi/Pico_SDK_v1.5.1/pico-sdk/lib/tinyusb/src/tusb.c.obj
                0x10006ce4                tu_edpt_bind_driver
 .text.advance_index
                0x10006d0a       0x1a CMakeFiles/dht_example.dir/C_/Program_Files/Raspberry_Pi/Pico_SDK_v1.5.1/pico-sdk/lib/tinyusb/src/common/tusb_fifo.c.obj
 .text._tu_fifo_peek
                0x10006d24       0x56 CMakeFiles/dht_example.dir/C_/Program_Files/Raspberry_Pi/Pico_SDK_v1.5.1/pico-sdk/lib/tinyusb/src/common/tusb_fifo.c.obj
 .text._ff_pull_const_addr
                0x10006d7a       0x4c CMakeFiles/dht_example.dir/C_/Program_Files/Raspberry_Pi/Pico_SDK_v1.5.1/pico-sdk/lib/tinyusb/src/common/tusb_fifo.c.obj
 .text._ff_pull_n
                0x10006dc6      0x110 CMakeFiles/dht_example.dir/C_/Program_Files/Raspberry_Pi/Pico_SDK_v1.5.1/pico-sdk/lib/tinyusb/src/common/tusb_fifo.c.obj
 .text._tu_fifo_peek_n
                0x10006ed6       0x6a CMakeFiles/dht_example.dir/C_/Program_Files/Raspberry_Pi/Pico_SDK_v1.5.1/pico-sdk/lib/tinyusb/src/common/tusb_fifo.c.obj
 .text._tu_fifo_read_n
                0x10006f40       0x4e CMakeFiles/dht_example.dir/C_/Program_Files/Raspberry_Pi/Pico_SDK_v1.5.1/pico-sdk/lib/tinyusb/src/common/tusb_fifo.c.obj
 .text._ff_push_const_addr
                0x10006f8e       0x40 CMakeFiles/dht_example.dir/C_/Program_Files/Raspberry_Pi/Pico_SDK_v1.5.1/pico-sdk/lib/tinyusb/src/common/tusb_fifo.c.obj
 .text._ff_push_n
                0x10006fce      0x10c CMakeFiles/dht_example.dir/C_/Program_Files/Raspberry_Pi/Pico_SDK_v1.5.1/pico-sdk/lib/tinyusb/src/common/tusb_fifo.c.obj
 .text._tu_fifo_write_n
                0x100070da       0xf0 CMakeFiles/dht_example.dir/C_/Program_Files/Raspberry_Pi/Pico_SDK_v1.5.1/pico-sdk/lib/tinyusb/src/common/tusb_fifo.c.obj
 .text.tu_fifo_config
                0x100071ca       0x7c CMakeFiles/dht_example.dir/C_/Program_Files/Raspberry_Pi/Pico_SDK_v1.5.1/pico-sdk/lib/tinyusb/src/common/tusb_fifo.c.obj
                0x100071ca                tu_fifo_config
 .text.tu_fifo_count
                0x10007246       0x2a CMakeFiles/dht_example.dir/C_/Program_Files/Raspberry_Pi/Pico_SDK_v1.5.1/pico-sdk/lib/tinyusb/src/common/tusb_fifo.c.obj
                0x10007246                tu_fifo_count
 .text.tu_fifo_empty
                0x10007270       0x10 CMakeFiles/dht_example.dir/C_/Program_Files/Raspberry_Pi/Pico_SDK_v1.5.1/pico-sdk/lib/tinyusb/src/common/tusb_fifo.c.obj
                0x10007270                tu_fifo_empty
 .text.tu_fifo_full
                0x10007280       0x28 CMakeFiles/dht_example.dir/C_/Program_Files/Raspberry_Pi/Pico_SDK_v1.5.1/pico-sdk/lib/tinyusb/src/common/tusb_fifo.c.obj
                0x10007280                tu_fifo_full
 .text.tu_fifo_remaining
                0x100072a8       0x2c CMakeFiles/dht_example.dir/C_/Program_Files/Raspberry_Pi/Pico_SDK_v1.5.1/pico-sdk/lib/tinyusb/src/common/tusb_fifo.c.obj
                0x100072a8                tu_fifo_remaining
 .text.tu_fifo_read
                0x100072d4       0x42 CMakeFiles/dht_example.dir/C_/Program_Files/Raspberry_Pi/Pico_SDK_v1.5.1/pico-sdk/lib/tinyusb/src/common/tusb_fifo.c.obj
                0x100072d4                tu_fifo_read
 .text.tu_fifo_read_n
                0x10007316        0xa CMakeFiles/dht_example.dir/C_/Program_Files/Raspberry_Pi/Pico_SDK_v1.5.1/pico-sdk/lib/tinyusb/src/common/tusb_fifo.c.obj
                0x10007316                tu_fifo_read_n
 .text.tu_fifo_write
                0x10007320       0x64 CMakeFiles/dht_example.dir/C_/Program_Files/Raspberry_Pi/Pico_SDK_v1.5.1/pico-sdk/lib/tinyusb/src/common/tusb_fifo.c.obj
                0x10007320                tu_fifo_write
 .text.tu_fifo_write_n
                0x10007384        0xa CMakeFiles/dht_example.dir/C_/Program_Files/Raspberry_Pi/Pico_SDK_v1.5.1/pico-sdk/lib/tinyusb/src/common/tusb_fifo.c.obj
                0x10007384                tu_fifo_write_n
 .text.tu_fifo_clear
                0x1000738e       0x3e CMakeFiles/dht_example.dir/C_/Program_Files/Raspberry_Pi/Pico_SDK_v1.5.1/pico-sdk/lib/tinyusb/src/common/tusb_fifo.c.obj
                0x1000738e                tu_fifo_clear
 .text.tu_fifo_set_overwritable
                0x100073cc       0x46 CMakeFiles/dht_example.dir/C_/Program_Files/Raspberry_Pi/Pico_SDK_v1.5.1/pico-sdk/lib/tinyusb/src/common/tusb_fifo.c.obj
                0x100073cc                tu_fifo_set_overwritable
 *fill*         0x10007412        0x2 
 .text.strlen   0x10007414       0x5c c:/progra~1/raspbe~1/picosd~1.1/gcc-ar~1/bin/../lib/gcc/arm-none-eabi/10.3.1/../../../../arm-none-eabi/lib/thumb/v6-m/nofp\libg.a(lib_a-strlen-stub.o)
                0x10007414                strlen
 *(.fini)
 .fini          0x10007470        0x4 c:/progra~1/raspbe~1/picosd~1.1/gcc-ar~1/bin/../lib/gcc/arm-none-eabi/10.3.1/thumb/v6-m/nofp/crti.o
                0x10007470                _fini
 *fill*         0x10007474        0x4 
 .fini.__stub   0x10007478       0xe0 linker stubs
 *crtbegin.o(.ctors)
 *crtbegin?.o(.ctors)
 *(EXCLUDE_FILE(*crtend.o *crtend?.o) .ctors)
 *(SORT_BY_NAME(.ctors.*))
 *(.ctors)
 *crtbegin.o(.dtors)
 *crtbegin?.o(.dtors)
 *(EXCLUDE_FILE(*crtend.o *crtend?.o) .dtors)
 *(SORT_BY_NAME(.dtors.*))
 *(.dtors)
 *(.eh_frame*)
 .eh_frame      0x10007558        0x0 c:/progra~1/raspbe~1/picosd~1.1/gcc-ar~1/bin/../lib/gcc/arm-none-eabi/10.3.1/thumb/v6-m/nofp/crtbegin.o
                0x10007558                . = ALIGN (0x4)

.glue_7         0x10007558        0x0
 .glue_7        0x10007558        0x0 linker stubs

.glue_7t        0x10007558        0x0
 .glue_7t       0x10007558        0x0 linker stubs

.vfp11_veneer   0x10007558        0x0
 .vfp11_veneer  0x10007558        0x0 linker stubs

.v4_bx          0x10007558        0x0
 .v4_bx         0x10007558        0x0 linker stubs

.iplt           0x10007558        0x0
 .iplt          0x10007558        0x0 c:/progra~1/raspbe~1/picosd~1.1/gcc-ar~1/bin/../lib/gcc/arm-none-eabi/10.3.1/thumb/v6-m/nofp/crtbegin.o

.rodata         0x10007558     0x1b88
 *(EXCLUDE_FILE(*libm.a: *libc.a:*lib_a-mem*.o *libgcc.a:) .rodata*)
 .rodata.main.str1.4
                0x10007558       0xcd CMakeFiles/dht_example.dir/dht_example.c.obj
 *fill*         0x10007625        0x3 
 .rodata.__func__.0
                0x10007628        0x5 CMakeFiles/dht_example.dir/dht_example.c.obj
 *fill*         0x1000762d        0x3 
 .rodata.configure_dma_channel.str1.4
                0x10007630       0x9f CMakeFiles/dht_example.dir/dht/dht.c.obj
 *fill*         0x100076cf        0x1 
 .rodata.decode_humidity.str1.4
                0x100076d0       0x35 CMakeFiles/dht_example.dir/dht/dht.c.obj
 *fill*         0x10007705        0x3 
 .rodata.dht_init.str1.4
                0x10007708       0x1b CMakeFiles/dht_example.dir/dht/dht.c.obj
 *fill*         0x10007723        0x1 
 .rodata.dht_deinit.str1.4
                0x10007724       0x11 CMakeFiles/dht_example.dir/dht/dht.c.obj
 *fill*         0x10007735        0x3 
 .rodata.dht_start_measurement.str1.4
                0x10007738       0x26 CMakeFiles/dht_example.dir/dht/dht.c.obj
 *fill*         0x1000775e        0x2 
 .rodata.dht_finish_measurement_blocking.str1.4
                0x10007760       0x25 CMakeFiles/dht_example.dir/dht/dht.c.obj
 *fill*         0x10007785        0x3 
 .rodata.__func__.0
                0x10007788       0x13 CMakeFiles/dht_example.dir/dht/dht.c.obj
 *fill*         0x1000779b        0x1 
 .rodata.__func__.1
                0x1000779c       0x10 CMakeFiles/dht_example.dir/dht/dht.c.obj
 .rodata.__func__.2
                0x100077ac       0x20 CMakeFiles/dht_example.dir/dht/dht.c.obj
 .rodata.__func__.4
                0x100077cc       0x18 CMakeFiles/dht_example.dir/dht/dht.c.obj
 .rodata.__func__.6
                0x100077e4       0x1c CMakeFiles/dht_example.dir/dht/dht.c.obj
 .rodata.__func__.7
                0x10007800       0x16 CMakeFiles/dht_example.dir/dht/dht.c.obj
 *fill*         0x10007816        0x2 
 .rodata.__func__.9
                0x10007818        0x9 CMakeFiles/dht_example.dir/dht/dht.c.obj
 *fill*         0x10007821        0x3 
 .rodata.dht_program
                0x10007824        0x6 CMakeFiles/dht_example.dir/dht/dht.c.obj
 *fill*         0x1000782a        0x2 
 .rodata.dht_program_instructions
                0x1000782c       0x22 CMakeFiles/dht_example.dir/dht/dht.c.obj
 *fill*         0x1000784e        0x2 
 .rodata.clock_configure.str1.4
                0x10007850       0x73 CMakeFiles/dht_example.dir/C_/Program_Files/Raspberry_Pi/Pico_SDK_v1.5.1/pico-sdk/src/rp2_common/hardware_clocks/clocks.c.obj
 *fill*         0x100078c3        0x1 
 .rodata.__func__.1
                0x100078c4       0x10 CMakeFiles/dht_example.dir/C_/Program_Files/Raspberry_Pi/Pico_SDK_v1.5.1/pico-sdk/src/rp2_common/hardware_clocks/clocks.c.obj
 .rodata.spin_lock_claim_unused.str1.4
                0x100078d4       0x1b CMakeFiles/dht_example.dir/C_/Program_Files/Raspberry_Pi/Pico_SDK_v1.5.1/pico-sdk/src/rp2_common/hardware_sync/sync.c.obj
 *fill*         0x100078ef        0x1 
 .rodata.make_branch.str1.4
                0x100078f0       0x89 CMakeFiles/dht_example.dir/C_/Program_Files/Raspberry_Pi/Pico_SDK_v1.5.1/pico-sdk/src/rp2_common/hardware_irq/irq.c.obj
 *fill*         0x10007979        0x3 
 .rodata.insert_branch_and_link.str1.4
                0x1000797c       0x10 CMakeFiles/dht_example.dir/C_/Program_Files/Raspberry_Pi/Pico_SDK_v1.5.1/pico-sdk/src/rp2_common/hardware_irq/irq.c.obj
 .rodata.irq_set_exclusive_handler.str1.4
                0x1000798c       0x36 CMakeFiles/dht_example.dir/C_/Program_Files/Raspberry_Pi/Pico_SDK_v1.5.1/pico-sdk/src/rp2_common/hardware_irq/irq.c.obj
 *fill*         0x100079c2        0x2 
 .rodata.irq_add_shared_handler.str1.4
                0x100079c4       0xd9 CMakeFiles/dht_example.dir/C_/Program_Files/Raspberry_Pi/Pico_SDK_v1.5.1/pico-sdk/src/rp2_common/hardware_irq/irq.c.obj
 *fill*         0x10007a9d        0x3 
 .rodata.irq_remove_handler.str1.4
                0x10007aa0       0x32 CMakeFiles/dht_example.dir/C_/Program_Files/Raspberry_Pi/Pico_SDK_v1.5.1/pico-sdk/src/rp2_common/hardware_irq/irq.c.obj
                                 0x3a (size before relaxing)
 *fill*         0x10007ad2        0x2 
 .rodata.irq_add_tail_to_free_list.str1.4
                0x10007ad4       0x3a CMakeFiles/dht_example.dir/C_/Program_Files/Raspberry_Pi/Pico_SDK_v1.5.1/pico-sdk/src/rp2_common/hardware_irq/irq.c.obj
 *fill*         0x10007b0e        0x2 
 .rodata.user_irq_claim_unused.str1.4
                0x10007b10       0x1b CMakeFiles/dht_example.dir/C_/Program_Files/Raspberry_Pi/Pico_SDK_v1.5.1/pico-sdk/src/rp2_common/hardware_irq/irq.c.obj
 *fill*         0x10007b2b        0x1 
 .rodata.__func__.0
                0x10007b2c       0x1a CMakeFiles/dht_example.dir/C_/Program_Files/Raspberry_Pi/Pico_SDK_v1.5.1/pico-sdk/src/rp2_common/hardware_irq/irq.c.obj
 *fill*         0x10007b46        0x2 
 .rodata.__func__.1
                0x10007b48       0x17 CMakeFiles/dht_example.dir/C_/Program_Files/Raspberry_Pi/Pico_SDK_v1.5.1/pico-sdk/src/rp2_common/hardware_irq/irq.c.obj
 *fill*         0x10007b5f        0x1 
 .rodata.__func__.2
                0x10007b60       0x13 CMakeFiles/dht_example.dir/C_/Program_Files/Raspberry_Pi/Pico_SDK_v1.5.1/pico-sdk/src/rp2_common/hardware_irq/irq.c.obj
 *fill*         0x10007b73        0x1 
 .rodata.__func__.3
                0x10007b74        0xc CMakeFiles/dht_example.dir/C_/Program_Files/Raspberry_Pi/Pico_SDK_v1.5.1/pico-sdk/src/rp2_common/hardware_irq/irq.c.obj
 .rodata.__func__.4
                0x10007b80        0xf CMakeFiles/dht_example.dir/C_/Program_Files/Raspberry_Pi/Pico_SDK_v1.5.1/pico-sdk/src/rp2_common/hardware_irq/irq.c.obj
 *fill*         0x10007b8f        0x1 
 .rodata.__func__.5
                0x10007b90       0x17 CMakeFiles/dht_example.dir/C_/Program_Files/Raspberry_Pi/Pico_SDK_v1.5.1/pico-sdk/src/rp2_common/hardware_irq/irq.c.obj
 *fill*         0x10007ba7        0x1 
 .rodata.__func__.6
                0x10007ba8       0x1a CMakeFiles/dht_example.dir/C_/Program_Files/Raspberry_Pi/Pico_SDK_v1.5.1/pico-sdk/src/rp2_common/hardware_irq/irq.c.obj
 *fill*         0x10007bc2        0x2 
 .rodata.str1.4
                0x10007bc4      0x125 CMakeFiles/dht_example.dir/C_/Program_Files/Raspberry_Pi/Pico_SDK_v1.5.1/pico-sdk/src/common/pico_sync/mutex.c.obj
 *fill*         0x10007ce9        0x3 
 .rodata.__func__.1
                0x10007cec        0xb CMakeFiles/dht_example.dir/C_/Program_Files/Raspberry_Pi/Pico_SDK_v1.5.1/pico-sdk/src/common/pico_sync/mutex.c.obj
 *fill*         0x10007cf7        0x1 
 .rodata.__func__.3
                0x10007cf8       0x18 CMakeFiles/dht_example.dir/C_/Program_Files/Raspberry_Pi/Pico_SDK_v1.5.1/pico-sdk/src/common/pico_sync/mutex.c.obj
 .rodata.__func__.4
                0x10007d10       0x15 CMakeFiles/dht_example.dir/C_/Program_Files/Raspberry_Pi/Pico_SDK_v1.5.1/pico-sdk/src/common/pico_sync/mutex.c.obj
 *fill*         0x10007d25        0x3 
 .rodata.repeating_timer_callback.str1.4
                0x10007d28       0x67 CMakeFiles/dht_example.dir/C_/Program_Files/Raspberry_Pi/Pico_SDK_v1.5.1/pico-sdk/src/common/pico_time/time.c.obj
 *fill*         0x10007d8f        0x1 
 .rodata.timer_pool_entry_comparator.str1.4
                0x10007d90       0x22 CMakeFiles/dht_example.dir/C_/Program_Files/Raspberry_Pi/Pico_SDK_v1.5.1/pico-sdk/src/common/pico_time/time.c.obj
 *fill*         0x10007db2        0x2 
 .rodata.ph_add_child_node.str1.4
                0x10007db4       0xb2 CMakeFiles/dht_example.dir/C_/Program_Files/Raspberry_Pi/Pico_SDK_v1.5.1/pico-sdk/src/common/pico_time/time.c.obj
 *fill*         0x10007e66        0x2 
 .rodata.add_alarm_under_lock.str1.4
                0x10007e68       0x28 CMakeFiles/dht_example.dir/C_/Program_Files/Raspberry_Pi/Pico_SDK_v1.5.1/pico-sdk/src/common/pico_time/time.c.obj
                                 0x2b (size before relaxing)
 .rodata.alarm_pool_alarm_callback.str1.4
                0x10007e90       0x98 CMakeFiles/dht_example.dir/C_/Program_Files/Raspberry_Pi/Pico_SDK_v1.5.1/pico-sdk/src/common/pico_time/time.c.obj
                                0x118 (size before relaxing)
 .rodata.alarm_pool_get_default.str1.4
                0x10007f28       0x21 CMakeFiles/dht_example.dir/C_/Program_Files/Raspberry_Pi/Pico_SDK_v1.5.1/pico-sdk/src/common/pico_time/time.c.obj
 *fill*         0x10007f49        0x3 
 .rodata.alarm_pool_cancel_alarm.str1.4
                0x10007f4c       0x27 CMakeFiles/dht_example.dir/C_/Program_Files/Raspberry_Pi/Pico_SDK_v1.5.1/pico-sdk/src/common/pico_time/time.c.obj
 *fill*         0x10007f73        0x1 
 .rodata.sleep_until.str1.4
                0x10007f74       0x4d CMakeFiles/dht_example.dir/C_/Program_Files/Raspberry_Pi/Pico_SDK_v1.5.1/pico-sdk/src/common/pico_time/time.c.obj
 *fill*         0x10007fc1        0x3 
 .rodata.__func__.1
                0x10007fc4       0x18 CMakeFiles/dht_example.dir/C_/Program_Files/Raspberry_Pi/Pico_SDK_v1.5.1/pico-sdk/src/common/pico_time/time.c.obj
 .rodata.__func__.10
                0x10007fdc       0x15 CMakeFiles/dht_example.dir/C_/Program_Files/Raspberry_Pi/Pico_SDK_v1.5.1/pico-sdk/src/common/pico_time/time.c.obj
 *fill*         0x10007ff1        0x3 
 .rodata.__func__.11
                0x10007ff4       0x1a CMakeFiles/dht_example.dir/C_/Program_Files/Raspberry_Pi/Pico_SDK_v1.5.1/pico-sdk/src/common/pico_time/time.c.obj
 *fill*         0x1000800e        0x2 
 .rodata.__func__.12
                0x10008010        0xa CMakeFiles/dht_example.dir/C_/Program_Files/Raspberry_Pi/Pico_SDK_v1.5.1/pico-sdk/src/common/pico_time/time.c.obj
 *fill*         0x1000801a        0x2 
 .rodata.__func__.3
                0x1000801c       0x17 CMakeFiles/dht_example.dir/C_/Program_Files/Raspberry_Pi/Pico_SDK_v1.5.1/pico-sdk/src/common/pico_time/time.c.obj
 *fill*         0x10008033        0x1 
 .rodata.__func__.4
                0x10008034       0x12 CMakeFiles/dht_example.dir/C_/Program_Files/Raspberry_Pi/Pico_SDK_v1.5.1/pico-sdk/src/common/pico_time/time.c.obj
 *fill*         0x10008046        0x2 
 .rodata.__func__.5
                0x10008048        0xd CMakeFiles/dht_example.dir/C_/Program_Files/Raspberry_Pi/Pico_SDK_v1.5.1/pico-sdk/src/common/pico_time/time.c.obj
 *fill*         0x10008055        0x3 
 .rodata.__func__.6
                0x10008058       0x12 CMakeFiles/dht_example.dir/C_/Program_Files/Raspberry_Pi/Pico_SDK_v1.5.1/pico-sdk/src/common/pico_time/time.c.obj
 *fill*         0x1000806a        0x2 
 .rodata.__func__.7
                0x1000806c        0xf CMakeFiles/dht_example.dir/C_/Program_Files/Raspberry_Pi/Pico_SDK_v1.5.1/pico-sdk/src/common/pico_time/time.c.obj
 *fill*         0x1000807b        0x1 
 .rodata.__func__.8
                0x1000807c        0xc CMakeFiles/dht_example.dir/C_/Program_Files/Raspberry_Pi/Pico_SDK_v1.5.1/pico-sdk/src/common/pico_time/time.c.obj
 .rodata.__func__.9
                0x10008088       0x15 CMakeFiles/dht_example.dir/C_/Program_Files/Raspberry_Pi/Pico_SDK_v1.5.1/pico-sdk/src/common/pico_time/time.c.obj
 *fill*         0x1000809d        0x3 
 .rodata.hardware_alarm_claim.str1.4
                0x100080a0       0x22 CMakeFiles/dht_example.dir/C_/Program_Files/Raspberry_Pi/Pico_SDK_v1.5.1/pico-sdk/src/rp2_common/hardware_timer/timer.c.obj
 .rodata.busy_wait_us.str1.4
                0x100080c2       0x7d CMakeFiles/dht_example.dir/C_/Program_Files/Raspberry_Pi/Pico_SDK_v1.5.1/pico-sdk/src/rp2_common/hardware_timer/timer.c.obj
 *fill*         0x100080c2        0x2 
 .rodata.hardware_alarm_set_target.str1.4
                0x100080c4       0x81 CMakeFiles/dht_example.dir/C_/Program_Files/Raspberry_Pi/Pico_SDK_v1.5.1/pico-sdk/src/rp2_common/hardware_timer/timer.c.obj
 *fill*         0x10008145        0x3 
 .rodata.__func__.0
                0x10008148       0x1a CMakeFiles/dht_example.dir/C_/Program_Files/Raspberry_Pi/Pico_SDK_v1.5.1/pico-sdk/src/rp2_common/hardware_timer/timer.c.obj
 *fill*         0x10008162        0x2 
 .rodata.__func__.1
                0x10008164       0x15 CMakeFiles/dht_example.dir/C_/Program_Files/Raspberry_Pi/Pico_SDK_v1.5.1/pico-sdk/src/rp2_common/hardware_timer/timer.c.obj
 .rodata.ph_add_child_node.str1.4
                0x10008179       0xb2 CMakeFiles/dht_example.dir/C_/Program_Files/Raspberry_Pi/Pico_SDK_v1.5.1/pico-sdk/src/common/pico_util/pheap.c.obj
 *fill*         0x10008179        0x3 
 .rodata.ph_remove_any_head.str1.4
                0x1000817c       0xa8 CMakeFiles/dht_example.dir/C_/Program_Files/Raspberry_Pi/Pico_SDK_v1.5.1/pico-sdk/src/common/pico_util/pheap.c.obj
                                 0xbc (size before relaxing)
 .rodata.ph_remove_and_free_node.str1.4
                0x10008224       0x1e CMakeFiles/dht_example.dir/C_/Program_Files/Raspberry_Pi/Pico_SDK_v1.5.1/pico-sdk/src/common/pico_util/pheap.c.obj
                                 0x26 (size before relaxing)
 *fill*         0x10008242        0x2 
 .rodata.__func__.0
                0x10008244       0x18 CMakeFiles/dht_example.dir/C_/Program_Files/Raspberry_Pi/Pico_SDK_v1.5.1/pico-sdk/src/common/pico_util/pheap.c.obj
 .rodata.__func__.1
                0x1000825c       0x13 CMakeFiles/dht_example.dir/C_/Program_Files/Raspberry_Pi/Pico_SDK_v1.5.1/pico-sdk/src/common/pico_util/pheap.c.obj
 *fill*         0x1000826f        0x1 
 .rodata.__func__.2
                0x10008270       0x12 CMakeFiles/dht_example.dir/C_/Program_Files/Raspberry_Pi/Pico_SDK_v1.5.1/pico-sdk/src/common/pico_util/pheap.c.obj
 *fill*         0x10008282        0x2 
 .rodata.__func__.3
                0x10008284        0xc CMakeFiles/dht_example.dir/C_/Program_Files/Raspberry_Pi/Pico_SDK_v1.5.1/pico-sdk/src/common/pico_util/pheap.c.obj
 .rodata.pll_init.str1.4
                0x10008290      0x140 CMakeFiles/dht_example.dir/C_/Program_Files/Raspberry_Pi/Pico_SDK_v1.5.1/pico-sdk/src/rp2_common/hardware_pll/pll.c.obj
 .rodata.__func__.0
                0x100083d0        0x9 CMakeFiles/dht_example.dir/C_/Program_Files/Raspberry_Pi/Pico_SDK_v1.5.1/pico-sdk/src/rp2_common/hardware_pll/pll.c.obj
 *fill*         0x100083d9        0x3 
 .rodata.dma_claim_unused_channel.str1.4
                0x100083dc       0x1e CMakeFiles/dht_example.dir/C_/Program_Files/Raspberry_Pi/Pico_SDK_v1.5.1/pico-sdk/src/rp2_common/hardware_dma/dma.c.obj
 *fill*         0x100083fa        0x2 
 .rodata._pio_find_offset_for_program.str1.4
                0x100083fc       0x85 CMakeFiles/dht_example.dir/C_/Program_Files/Raspberry_Pi/Pico_SDK_v1.5.1/pico-sdk/src/rp2_common/hardware_pio/pio.c.obj
 *fill*         0x10008481        0x3 
 .rodata._pio_add_program_at_offset.str1.4
                0x10008484       0x11 CMakeFiles/dht_example.dir/C_/Program_Files/Raspberry_Pi/Pico_SDK_v1.5.1/pico-sdk/src/rp2_common/hardware_pio/pio.c.obj
 *fill*         0x10008495        0x3 
 .rodata.pio_claim_unused_sm.str1.4
                0x10008498       0x24 CMakeFiles/dht_example.dir/C_/Program_Files/Raspberry_Pi/Pico_SDK_v1.5.1/pico-sdk/src/rp2_common/hardware_pio/pio.c.obj
 .rodata.__func__.1
                0x100084bc       0x1d CMakeFiles/dht_example.dir/C_/Program_Files/Raspberry_Pi/Pico_SDK_v1.5.1/pico-sdk/src/rp2_common/hardware_pio/pio.c.obj
 *fill*         0x100084d9        0x3 
 .rodata.__assert_func.str1.4
                0x100084dc       0x3f CMakeFiles/dht_example.dir/C_/Program_Files/Raspberry_Pi/Pico_SDK_v1.5.1/pico-sdk/src/rp2_common/pico_runtime/runtime.c.obj
                                 0x43 (size before relaxing)
 *fill*         0x1000851b        0x1 
 .rodata.runtime_init.str1.4
                0x1000851c       0x7d CMakeFiles/dht_example.dir/C_/Program_Files/Raspberry_Pi/Pico_SDK_v1.5.1/pico-sdk/src/rp2_common/pico_runtime/runtime.c.obj
 *fill*         0x10008599        0x3 
 .rodata.panic.str1.4
                0x1000859c       0x10 CMakeFiles/dht_example.dir/C_/Program_Files/Raspberry_Pi/Pico_SDK_v1.5.1/pico-sdk/src/rp2_common/pico_runtime/runtime.c.obj
                                 0x12 (size before relaxing)
 .rodata.__func__.2
                0x100085ac        0xd CMakeFiles/dht_example.dir/C_/Program_Files/Raspberry_Pi/Pico_SDK_v1.5.1/pico-sdk/src/rp2_common/pico_runtime/runtime.c.obj
 *fill*         0x100085b9        0x3 
 .rodata._ftoa.str1.4
                0x100085bc       0x15 CMakeFiles/dht_example.dir/C_/Program_Files/Raspberry_Pi/Pico_SDK_v1.5.1/pico-sdk/src/rp2_common/pico_printf/printf.c.obj
 *fill*         0x100085d1        0x3 
 .rodata._vsnprintf
                0x100085d4      0x1e0 CMakeFiles/dht_example.dir/C_/Program_Files/Raspberry_Pi/Pico_SDK_v1.5.1/pico-sdk/src/rp2_common/pico_printf/printf.c.obj
 *fill*         0x100087b4        0x4 
 .rodata.pow10.0
                0x100087b8       0x50 CMakeFiles/dht_example.dir/C_/Program_Files/Raspberry_Pi/Pico_SDK_v1.5.1/pico-sdk/src/rp2_common/pico_printf/printf.c.obj
 .rodata.missing_double_func_shim.str1.4
                0x10008808       0x18 CMakeFiles/dht_example.dir/C_/Program_Files/Raspberry_Pi/Pico_SDK_v1.5.1/pico-sdk/src/rp2_common/pico_double/double_init_rom.c.obj
 .rodata.__aeabi_double_init.str1.4
                0x10008820       0xb8 CMakeFiles/dht_example.dir/C_/Program_Files/Raspberry_Pi/Pico_SDK_v1.5.1/pico-sdk/src/rp2_common/pico_double/double_init_rom.c.obj
 .rodata.__func__.0
                0x100088d8       0x14 CMakeFiles/dht_example.dir/C_/Program_Files/Raspberry_Pi/Pico_SDK_v1.5.1/pico-sdk/src/rp2_common/pico_double/double_init_rom.c.obj
 .rodata.missing_float_func_shim.str1.4
                0x100088ec        0x1 CMakeFiles/dht_example.dir/C_/Program_Files/Raspberry_Pi/Pico_SDK_v1.5.1/pico-sdk/src/rp2_common/pico_float/float_init_rom.c.obj
 .rodata.__aeabi_float_init.str1.4
                0x100088ec       0x96 CMakeFiles/dht_example.dir/C_/Program_Files/Raspberry_Pi/Pico_SDK_v1.5.1/pico-sdk/src/rp2_common/pico_float/float_init_rom.c.obj
 *fill*         0x10008982        0x2 
 .rodata.__func__.0
                0x10008984       0x13 CMakeFiles/dht_example.dir/C_/Program_Files/Raspberry_Pi/Pico_SDK_v1.5.1/pico-sdk/src/rp2_common/pico_float/float_init_rom.c.obj
 *fill*         0x10008997        0x1 
 .rodata.str1.4
                0x10008998       0x40 CMakeFiles/dht_example.dir/C_/Program_Files/Raspberry_Pi/Pico_SDK_v1.5.1/pico-sdk/src/rp2_common/pico_standard_link/binary_info.c.obj
 .rodata.__bi_44
                0x100089d8        0xc CMakeFiles/dht_example.dir/C_/Program_Files/Raspberry_Pi/Pico_SDK_v1.5.1/pico-sdk/src/rp2_common/pico_standard_link/binary_info.c.obj
 .rodata.__bi_75
                0x100089e4        0xc CMakeFiles/dht_example.dir/C_/Program_Files/Raspberry_Pi/Pico_SDK_v1.5.1/pico-sdk/src/rp2_common/pico_standard_link/binary_info.c.obj
 .rodata.__bi_81
                0x100089f0        0xc CMakeFiles/dht_example.dir/C_/Program_Files/Raspberry_Pi/Pico_SDK_v1.5.1/pico-sdk/src/rp2_common/pico_standard_link/binary_info.c.obj
 .rodata.stdout_serialize_begin.str1.4
                0x100089fc       0x7d CMakeFiles/dht_example.dir/C_/Program_Files/Raspberry_Pi/Pico_SDK_v1.5.1/pico-sdk/src/rp2_common/pico_stdio/stdio.c.obj
 .rodata.__func__.3
                0x100089fc       0x15 CMakeFiles/dht_example.dir/C_/Program_Files/Raspberry_Pi/Pico_SDK_v1.5.1/pico-sdk/src/rp2_common/pico_stdio/stdio.c.obj
 *fill*         0x10008a11        0x3 
 .rodata.crlf_str.2
                0x10008a14        0x2 CMakeFiles/dht_example.dir/C_/Program_Files/Raspberry_Pi/Pico_SDK_v1.5.1/pico-sdk/src/rp2_common/pico_stdio/stdio.c.obj
 *fill*         0x10008a16        0x2 
 .rodata.str1.4
                0x10008a18       0x2c CMakeFiles/dht_example.dir/C_/Program_Files/Raspberry_Pi/Pico_SDK_v1.5.1/pico-sdk/src/rp2_common/pico_stdio_uart/stdio_uart.c.obj
 .rodata.__bi_33.4
                0x10008a44        0xc CMakeFiles/dht_example.dir/C_/Program_Files/Raspberry_Pi/Pico_SDK_v1.5.1/pico-sdk/src/rp2_common/pico_stdio_uart/stdio_uart.c.obj
 .rodata.__bi_34.5
                0x10008a50        0x8 CMakeFiles/dht_example.dir/C_/Program_Files/Raspberry_Pi/Pico_SDK_v1.5.1/pico-sdk/src/rp2_common/pico_stdio_uart/stdio_uart.c.obj
 .rodata._resetd_driver
                0x10008a58       0x18 CMakeFiles/dht_example.dir/C_/Program_Files/Raspberry_Pi/Pico_SDK_v1.5.1/pico-sdk/src/rp2_common/pico_stdio_usb/reset_interface.c.obj
 .rodata.low_priority_worker_irq.str1.4
                0x10008a70       0x7d CMakeFiles/dht_example.dir/C_/Program_Files/Raspberry_Pi/Pico_SDK_v1.5.1/pico-sdk/src/rp2_common/pico_stdio_usb/stdio_usb.c.obj
 .rodata.stdio_usb_init.str1.4
                0x10008a70       0x61 CMakeFiles/dht_example.dir/C_/Program_Files/Raspberry_Pi/Pico_SDK_v1.5.1/pico-sdk/src/rp2_common/pico_stdio_usb/stdio_usb.c.obj
                                 0x69 (size before relaxing)
 *fill*         0x10008ad1        0x3 
 .rodata.str1.4
                0x10008ad4       0x13 CMakeFiles/dht_example.dir/C_/Program_Files/Raspberry_Pi/Pico_SDK_v1.5.1/pico-sdk/src/rp2_common/pico_stdio_usb/stdio_usb.c.obj
 *fill*         0x10008ae7        0x1 
 .rodata.__bi_182.0
                0x10008ae8        0xc CMakeFiles/dht_example.dir/C_/Program_Files/Raspberry_Pi/Pico_SDK_v1.5.1/pico-sdk/src/rp2_common/pico_stdio_usb/stdio_usb.c.obj
 .rodata.__func__.1
                0x10008af4        0xf CMakeFiles/dht_example.dir/C_/Program_Files/Raspberry_Pi/Pico_SDK_v1.5.1/pico-sdk/src/rp2_common/pico_stdio_usb/stdio_usb.c.obj
 *fill*         0x10008b03        0x1 
 .rodata.__func__.3
                0x10008b04       0x15 CMakeFiles/dht_example.dir/C_/Program_Files/Raspberry_Pi/Pico_SDK_v1.5.1/pico-sdk/src/rp2_common/pico_stdio_usb/stdio_usb.c.obj
 *fill*         0x10008b19        0x3 
 .rodata.str1.4
                0x10008b1c       0x2a CMakeFiles/dht_example.dir/C_/Program_Files/Raspberry_Pi/Pico_SDK_v1.5.1/pico-sdk/src/rp2_common/pico_stdio_usb/stdio_usb_descriptors.c.obj
 *fill*         0x10008b46        0x2 
 .rodata.usbd_desc_cfg
                0x10008b48       0x54 CMakeFiles/dht_example.dir/C_/Program_Files/Raspberry_Pi/Pico_SDK_v1.5.1/pico-sdk/src/rp2_common/pico_stdio_usb/stdio_usb_descriptors.c.obj
 .rodata.usbd_desc_device
                0x10008b9c       0x12 CMakeFiles/dht_example.dir/C_/Program_Files/Raspberry_Pi/Pico_SDK_v1.5.1/pico-sdk/src/rp2_common/pico_stdio_usb/stdio_usb_descriptors.c.obj
 *fill*         0x10008bae        0x2 
 .rodata.usbd_desc_str
                0x10008bb0       0x18 CMakeFiles/dht_example.dir/C_/Program_Files/Raspberry_Pi/Pico_SDK_v1.5.1/pico-sdk/src/rp2_common/pico_stdio_usb/stdio_usb_descriptors.c.obj
 .rodata.pico_get_unique_board_id_string.str1.4
                0x10008bc8       0x69 CMakeFiles/dht_example.dir/C_/Program_Files/Raspberry_Pi/Pico_SDK_v1.5.1/pico-sdk/src/rp2_common/pico_unique_id/unique_id.c.obj
 *fill*         0x10008c31        0x3 
 .rodata.__func__.0
                0x10008c34       0x20 CMakeFiles/dht_example.dir/C_/Program_Files/Raspberry_Pi/Pico_SDK_v1.5.1/pico-sdk/src/rp2_common/pico_unique_id/unique_id.c.obj
 .rodata.str1.4
                0x10008c54      0x176 CMakeFiles/dht_example.dir/C_/Program_Files/Raspberry_Pi/Pico_SDK_v1.5.1/pico-sdk/src/rp2_common/hardware_flash/flash.c.obj
 *fill*         0x10008dca        0x2 
 .rodata.__func__.0
                0x10008dcc        0xd CMakeFiles/dht_example.dir/C_/Program_Files/Raspberry_Pi/Pico_SDK_v1.5.1/pico-sdk/src/rp2_common/hardware_flash/flash.c.obj
 *fill*         0x10008dd9        0x3 
 .rodata._hw_endpoint_alloc.str1.4
                0x10008ddc       0xd1 CMakeFiles/dht_example.dir/C_/Program_Files/Raspberry_Pi/Pico_SDK_v1.5.1/pico-sdk/lib/tinyusb/src/portable/raspberrypi/rp2040/dcd_rp2040.c.obj
 *fill*         0x10008ead        0x3 
 .rodata.str1.4
                0x10008eb0       0x14 CMakeFiles/dht_example.dir/C_/Program_Files/Raspberry_Pi/Pico_SDK_v1.5.1/pico-sdk/lib/tinyusb/src/portable/raspberrypi/rp2040/dcd_rp2040.c.obj
 .rodata.dcd_int_enable.str1.4
                0x10008ec4        0xc CMakeFiles/dht_example.dir/C_/Program_Files/Raspberry_Pi/Pico_SDK_v1.5.1/pico-sdk/lib/tinyusb/src/portable/raspberrypi/rp2040/dcd_rp2040.c.obj
 .rodata.__func__.0
                0x10008ed0        0xe CMakeFiles/dht_example.dir/C_/Program_Files/Raspberry_Pi/Pico_SDK_v1.5.1/pico-sdk/lib/tinyusb/src/portable/raspberrypi/rp2040/dcd_rp2040.c.obj
 *fill*         0x10008ede        0x2 
 .rodata.__func__.1
                0x10008ee0        0xe CMakeFiles/dht_example.dir/C_/Program_Files/Raspberry_Pi/Pico_SDK_v1.5.1/pico-sdk/lib/tinyusb/src/portable/raspberrypi/rp2040/dcd_rp2040.c.obj
 *fill*         0x10008eee        0x2 
 .rodata.__func__.3
                0x10008ef0       0x10 CMakeFiles/dht_example.dir/C_/Program_Files/Raspberry_Pi/Pico_SDK_v1.5.1/pico-sdk/lib/tinyusb/src/portable/raspberrypi/rp2040/dcd_rp2040.c.obj
 .rodata.__func__.5
                0x10008f00        0xf CMakeFiles/dht_example.dir/C_/Program_Files/Raspberry_Pi/Pico_SDK_v1.5.1/pico-sdk/lib/tinyusb/src/portable/raspberrypi/rp2040/dcd_rp2040.c.obj
 *fill*         0x10008f0f        0x1 
 .rodata.__func__.6
                0x10008f10       0x13 CMakeFiles/dht_example.dir/C_/Program_Files/Raspberry_Pi/Pico_SDK_v1.5.1/pico-sdk/lib/tinyusb/src/portable/raspberrypi/rp2040/dcd_rp2040.c.obj
 *fill*         0x10008f23        0x1 
 .rodata.__func__.7
                0x10008f24        0x9 CMakeFiles/dht_example.dir/C_/Program_Files/Raspberry_Pi/Pico_SDK_v1.5.1/pico-sdk/lib/tinyusb/src/portable/raspberrypi/rp2040/dcd_rp2040.c.obj
 *fill*         0x10008f2d        0x3 
 .rodata.str1.4
                0x10008f30       0xf9 CMakeFiles/dht_example.dir/C_/Program_Files/Raspberry_Pi/Pico_SDK_v1.5.1/pico-sdk/lib/tinyusb/src/portable/raspberrypi/rp2040/rp2040_usb.c.obj
                                0x103 (size before relaxing)
 *fill*         0x10009029        0x3 
 .rodata.__func__.0